2026-09-12 10:00:05 | INFO     | logger.configurar                   | Logger iniciado → logs\mlb_2026-09-12.log
2026-09-12 10:00:06 | INFO     | main.main                           | =======================================================
2026-09-12 10:00:06 | INFO     | main.main                           | Iniciando análisis de predicciones MLB
2026-09-12 10:00:06 | INFO     | main.main                           | =======================================================
2026-09-12 10:00:06 | INFO     | main.main                           | Cargando stats avanzadas (FIP, wRC+)...
2026-09-12 10:00:06 | INFO     | statcast.cargar_statcast            | Calculando FIP y stats avanzadas via MLB API (2026)...
2026-09-12 10:00:33 | INFO     | statcast.cargar_statcast            | 30 equipos cargados con stats avanzadas.
2026-09-12 10:00:33 | INFO     | main.main                           | Analizando pitchers del día...
2026-09-12 10:00:35 | DEBUG    | pitching.get_pitcher_stats          | Andrew Sears: ERA temp=4.38 | ERA últ.1 sal.=1.731 | ERA efectiva=3.32
2026-09-12 10:00:37 | DEBUG    | pitching.get_pitcher_stats          | Tanner Gordon: ERA temp=5.4 | ERA últ.3 sal.=3.889 | ERA efectiva=4.796
2026-09-12 10:00:37 | DEBUG    | bullpen.obtener_bullpen             | Bullpen Detroit Tigers: ERA=3.701 WHIP=1.254 IP=569.7 (18 relievers)
2026-09-12 10:00:38 | DEBUG    | bullpen.obtener_bullpen             | Bullpen Colorado Rockies: ERA=5.108 WHIP=1.482 IP=597.2 (16 relievers)
2026-09-12 10:00:39 | DEBUG    | pitching.get_pitcher_stats          | Gerrit Cole: ERA temp=3.41 | ERA últ.3 sal.=4.972 | ERA efectiva=4.035
2026-09-12 10:00:41 | DEBUG    | pitching.get_pitcher_stats          | Zac Thornton: ERA temp=3.53 | ERA últ.3 sal.=5.062 | ERA efectiva=4.143
2026-09-12 10:00:41 | DEBUG    | bullpen.obtener_bullpen             | Bullpen New York Yankees: ERA=3.943 WHIP=1.255 IP=516.5 (16 relievers)
2026-09-12 10:00:42 | DEBUG    | bullpen.obtener_bullpen             | Bullpen New York Mets: ERA=3.55 WHIP=1.232 IP=591.1 (23 relievers)
2026-09-12 10:00:43 | DEBUG    | pitching.get_pitcher_stats          | Clay Holmes: ERA temp=2.83 | ERA últ.3 sal.=4.211 | ERA efectiva=3.382
2026-09-12 10:00:45 | DEBUG    | pitching.get_pitcher_stats          | Paul Skenes: ERA temp=3.83 | ERA últ.3 sal.=2.941 | ERA efectiva=3.474
2026-09-12 10:00:45 | DEBUG    | bullpen.obtener_bullpen             | Bullpen Chicago Cubs: ERA=3.81 WHIP=1.218 IP=518.2 (20 relievers)
2026-09-12 10:00:46 | DEBUG    | bullpen.obtener_bullpen             | Bullpen Pittsburgh Pirates: ERA=3.906 WHIP=1.228 IP=436.9 (16 relievers)
2026-09-12 10:00:47 | DEBUG    | pitching.get_pitcher_stats          | Spencer Miles: ERA temp=2.77 | ERA últ.3 sal.=7.714 | ERA efectiva=4.748
2026-09-12 10:00:48 | DEBUG    | pitching.get_pitcher_stats          | Kyle Bradish: ERA temp=3.91 | ERA últ.3 sal.=6.183 | ERA efectiva=4.819
2026-09-12 10:00:49 | DEBUG    | bullpen.obtener_bullpen             | Bullpen Toronto Blue Jays: ERA=3.963 WHIP=1.273 IP=535.7 (18 relievers)
2026-09-12 10:00:50 | DEBUG    | bullpen.obtener_bullpen             | Bullpen Baltimore Orioles: ERA=4.257 WHIP=1.395 IP=560.5 (22 relievers)
2026-09-12 10:00:51 | DEBUG    | pitching.get_pitcher_stats          | Andrew Alvarez: ERA temp=3.6 | ERA últ.3 sal.=3.776 | ERA efectiva=3.67
2026-09-12 10:00:52 | DEBUG    | pitching.get_pitcher_stats          | Walbert Ureña: ERA temp=2.74 | ERA últ.3 sal.=2.473 | ERA efectiva=2.633
2026-09-12 10:00:53 | DEBUG    | bullpen.obtener_bullpen             | Bullpen Washington Nationals: ERA=5.903 WHIP=1.575 IP=504.2 (19 relievers)
2026-09-12 11:16:42 | INFO     | logger.configurar                   | Logger iniciado → logs\mlb_2026-09-12.log
2026-09-12 11:16:44 | INFO     | main.main                           | =======================================================
2026-09-12 11:16:44 | INFO     | main.main                           | =======================================================
2026-09-12 11:16:44 | INFO     | main.main                           | Iniciando análisis de predicciones MLB
2026-09-12 11:16:44 | INFO     | main.main                           | =======================================================
2026-09-12 11:16:44 | INFO     | main.main                           | =======================================================
2026-09-12 11:16:44 | INFO     | main.main                           | Cargando stats avanzadas (FIP, wRC+)...
2026-09-12 11:16:44 | INFO     | main.main                           | Cargando stats avanzadas (FIP, wRC+)...
2026-09-12 11:16:44 | INFO     | statcast.cargar_statcast            | Stats avanzadas desde caché (30 pitching, 30 batting).
2026-09-12 11:16:44 | INFO     | statcast.cargar_statcast            | Stats avanzadas desde caché (30 pitching, 30 batting).
2026-09-12 11:16:44 | INFO     | main.main                           | Analizando pitchers del día...
2026-09-12 11:16:44 | INFO     | main.main                           | Analizando pitchers del día...
2026-09-12 11:16:46 | DEBUG    | pitching.get_pitcher_stats          | Andrew Sears: ERA temp=4.15 | ERA últ.1 sal.=1.731 | ERA efectiva=3.182
2026-09-12 11:16:46 | DEBUG    | pitching.get_pitcher_stats          | Andrew Sears: ERA temp=4.15 | ERA últ.1 sal.=1.731 | ERA efectiva=3.182
2026-09-12 11:16:47 | DEBUG    | pitching.get_pitcher_stats          | Tanner Gordon: ERA temp=5.4 | ERA últ.3 sal.=3.889 | ERA efectiva=4.796
2026-09-12 11:16:47 | DEBUG    | pitching.get_pitcher_stats          | Tanner Gordon: ERA temp=5.4 | ERA últ.3 sal.=3.889 | ERA efectiva=4.796
2026-09-12 11:16:48 | DEBUG    | bullpen.obtener_bullpen             | Bullpen Detroit Tigers: ERA=3.701 WHIP=1.254 IP=569.7 (18 relievers)
2026-09-12 11:16:48 | DEBUG    | bullpen.obtener_bullpen             | Bullpen Detroit Tigers: ERA=3.701 WHIP=1.254 IP=569.7 (18 relievers)
2026-09-12 11:16:48 | DEBUG    | bullpen.obtener_bullpen             | Bullpen Colorado Rockies: ERA=5.108 WHIP=1.482 IP=597.2 (16 relievers)
2026-09-12 11:16:48 | DEBUG    | bullpen.obtener_bullpen             | Bullpen Colorado Rockies: ERA=5.108 WHIP=1.482 IP=597.2 (16 relievers)
2026-09-12 11:16:50 | DEBUG    | pitching.get_pitcher_stats          | Gerrit Cole: ERA temp=3.41 | ERA últ.3 sal.=4.972 | ERA efectiva=4.035
2026-09-12 11:16:50 | DEBUG    | pitching.get_pitcher_stats          | Gerrit Cole: ERA temp=3.41 | ERA últ.3 sal.=4.972 | ERA efectiva=4.035
2026-09-12 11:16:51 | DEBUG    | pitching.get_pitcher_stats          | Zac Thornton: ERA temp=3.53 | ERA últ.3 sal.=5.062 | ERA efectiva=4.143
2026-09-12 11:16:51 | DEBUG    | pitching.get_pitcher_stats          | Zac Thornton: ERA temp=3.53 | ERA últ.3 sal.=5.062 | ERA efectiva=4.143
2026-09-12 11:16:52 | DEBUG    | bullpen.obtener_bullpen             | Bullpen New York Yankees: ERA=3.943 WHIP=1.255 IP=516.5 (16 relievers)
2026-09-12 11:16:52 | DEBUG    | bullpen.obtener_bullpen             | Bullpen New York Yankees: ERA=3.943 WHIP=1.255 IP=516.5 (16 relievers)
2026-09-12 11:16:52 | DEBUG    | bullpen.obtener_bullpen             | Bullpen New York Mets: ERA=3.55 WHIP=1.232 IP=591.1 (23 relievers)
2026-09-12 11:16:52 | DEBUG    | bullpen.obtener_bullpen             | Bullpen New York Mets: ERA=3.55 WHIP=1.232 IP=591.1 (23 relievers)
2026-09-12 11:16:54 | DEBUG    | pitching.get_pitcher_stats          | Clay Holmes: ERA temp=2.83 | ERA últ.3 sal.=4.211 | ERA efectiva=3.382
2026-09-12 11:16:54 | DEBUG    | pitching.get_pitcher_stats          | Clay Holmes: ERA temp=2.83 | ERA últ.3 sal.=4.211 | ERA efectiva=3.382
2026-09-12 11:16:55 | DEBUG    | pitching.get_pitcher_stats          | Paul Skenes: ERA temp=3.83 | ERA últ.3 sal.=2.941 | ERA efectiva=3.474
2026-09-12 11:16:55 | DEBUG    | pitching.get_pitcher_stats          | Paul Skenes: ERA temp=3.83 | ERA últ.3 sal.=2.941 | ERA efectiva=3.474
2026-09-12 11:16:56 | DEBUG    | bullpen.obtener_bullpen             | Bullpen Chicago Cubs: ERA=3.81 WHIP=1.218 IP=518.2 (20 relievers)
2026-09-12 11:16:56 | DEBUG    | bullpen.obtener_bullpen             | Bullpen Chicago Cubs: ERA=3.81 WHIP=1.218 IP=518.2 (20 relievers)
2026-09-12 11:16:56 | DEBUG    | bullpen.obtener_bullpen             | Bullpen Pittsburgh Pirates: ERA=3.906 WHIP=1.228 IP=436.9 (16 relievers)
2026-09-12 11:16:56 | DEBUG    | bullpen.obtener_bullpen             | Bullpen Pittsburgh Pirates: ERA=3.906 WHIP=1.228 IP=436.9 (16 relievers)
2026-09-12 11:16:58 | DEBUG    | pitching.get_pitcher_stats          | Spencer Miles: ERA temp=2.77 | ERA últ.3 sal.=7.714 | ERA efectiva=4.748
2026-09-12 11:16:58 | DEBUG    | pitching.get_pitcher_stats          | Spencer Miles: ERA temp=2.77 | ERA últ.3 sal.=7.714 | ERA efectiva=4.748
2026-09-12 11:16:59 | DEBUG    | pitching.get_pitcher_stats          | Kyle Bradish: ERA temp=3.91 | ERA últ.3 sal.=6.183 | ERA efectiva=4.819
2026-09-12 11:16:59 | DEBUG    | pitching.get_pitcher_stats          | Kyle Bradish: ERA temp=3.91 | ERA últ.3 sal.=6.183 | ERA efectiva=4.819
2026-09-12 11:17:00 | DEBUG    | bullpen.obtener_bullpen             | Bullpen Toronto Blue Jays: ERA=3.963 WHIP=1.273 IP=535.7 (18 relievers)
2026-09-12 11:17:00 | DEBUG    | bullpen.obtener_bullpen             | Bullpen Toronto Blue Jays: ERA=3.963 WHIP=1.273 IP=535.7 (18 relievers)
2026-09-12 11:17:00 | DEBUG    | bullpen.obtener_bullpen             | Bullpen Baltimore Orioles: ERA=4.257 WHIP=1.395 IP=560.5 (22 relievers)
2026-09-12 11:17:00 | DEBUG    | bullpen.obtener_bullpen             | Bullpen Baltimore Orioles: ERA=4.257 WHIP=1.395 IP=560.5 (22 relievers)
2026-09-12 11:17:02 | DEBUG    | pitching.get_pitcher_stats          | Andrew Alvarez: ERA temp=3.6 | ERA últ.3 sal.=3.776 | ERA efectiva=3.67
2026-09-12 11:17:02 | DEBUG    | pitching.get_pitcher_stats          | Andrew Alvarez: ERA temp=3.6 | ERA últ.3 sal.=3.776 | ERA efectiva=3.67
2026-09-12 11:17:03 | DEBUG    | pitching.get_pitcher_stats          | Walbert Ureña: ERA temp=2.74 | ERA últ.3 sal.=2.473 | ERA efectiva=2.633
2026-09-12 11:17:03 | DEBUG    | pitching.get_pitcher_stats          | Walbert Ureña: ERA temp=2.74 | ERA últ.3 sal.=2.473 | ERA efectiva=2.633
2026-09-12 11:17:04 | DEBUG    | bullpen.obtener_bullpen             | Bullpen Washington Nationals: ERA=5.903 WHIP=1.575 IP=504.2 (19 relievers)
2026-09-12 11:17:04 | DEBUG    | bullpen.obtener_bullpen             | Bullpen Washington Nationals: ERA=5.903 WHIP=1.575 IP=504.2 (19 relievers)
2026-09-12 11:17:04 | DEBUG    | bullpen.obtener_bullpen             | Bullpen Los Angeles Angels: ERA=4.53 WHIP=1.367 IP=558.0 (22 relievers)
2026-09-12 11:17:04 | DEBUG    | bullpen.obtener_bullpen             | Bullpen Los Angeles Angels: ERA=4.53 WHIP=1.367 IP=558.0 (22 relievers)
2026-09-12 11:17:06 | DEBUG    | pitching.get_pitcher_stats          | Cesar Perdomo: ERA temp=0.9 | ERA últ.1 sal.=0.0 | ERA efectiva=0.74
2026-09-12 11:17:06 | DEBUG    | pitching.get_pitcher_stats          | Cesar Perdomo: ERA temp=0.9 | ERA últ.1 sal.=0.0 | ERA efectiva=0.74
2026-09-12 11:17:07 | DEBUG    | pitching.get_pitcher_stats          | Michael King: ERA temp=3.0 | ERA últ.3 sal.=0.0 | ERA efectiva=2.0
2026-09-12 11:17:08 | DEBUG    | bullpen.obtener_bullpen             | Bullpen San Francisco Giants: ERA=3.658 WHIP=1.235 IP=519.1 (15 relievers)
2026-09-12 11:17:08 | DEBUG    | bullpen.obtener_bullpen             | Bullpen San Francisco Giants: ERA=3.658 WHIP=1.235 IP=519.1 (15 relievers)
2026-09-12 11:17:08 | DEBUG    | bullpen.obtener_bullpen             | Bullpen San Diego Padres: ERA=2.994 WHIP=1.159 IP=577.5 (14 relievers)
2026-09-12 11:17:08 | DEBUG    | bullpen.obtener_bullpen             | Bullpen San Diego Padres: ERA=2.994 WHIP=1.159 IP=577.5 (14 relievers)
2026-09-12 11:17:10 | DEBUG    | pitching.get_pitcher_stats          | Ranger Suarez: ERA temp=3.44 | ERA últ.3 sal.=3.684 | ERA efectiva=3.538
2026-09-12 11:17:10 | DEBUG    | pitching.get_pitcher_stats          | Ranger Suarez: ERA temp=3.44 | ERA últ.3 sal.=3.684 | ERA efectiva=3.538
2026-09-12 11:17:11 | DEBUG    | pitching.get_pitcher_stats          | Randy Dobnak: ERA temp=2.54 | ERA últ.3 sal.=5.0 | ERA efectiva=3.524
2026-09-12 11:17:11 | DEBUG    | pitching.get_pitcher_stats          | Randy Dobnak: ERA temp=2.54 | ERA últ.3 sal.=5.0 | ERA efectiva=3.524
2026-09-12 11:17:12 | DEBUG    | bullpen.obtener_bullpen             | Bullpen Boston Red Sox: ERA=3.247 WHIP=1.208 IP=529.2 (17 relievers)
2026-09-12 11:17:12 | DEBUG    | bullpen.obtener_bullpen             | Bullpen Boston Red Sox: ERA=3.247 WHIP=1.208 IP=529.2 (17 relievers)
2026-09-12 11:17:12 | DEBUG    | bullpen.obtener_bullpen             | Bullpen Kansas City Royals: ERA=3.507 WHIP=1.243 IP=553.3 (13 relievers)
2026-09-12 11:17:12 | DEBUG    | bullpen.obtener_bullpen             | Bullpen Kansas City Royals: ERA=3.507 WHIP=1.243 IP=553.3 (13 relievers)
2026-09-12 11:17:14 | DEBUG    | pitching.get_pitcher_stats          | Connor Prielipp: ERA temp=5.25 | ERA últ.3 sal.=9.503 | ERA efectiva=6.951
2026-09-12 11:17:14 | DEBUG    | pitching.get_pitcher_stats          | Connor Prielipp: ERA temp=5.25 | ERA últ.3 sal.=9.503 | ERA efectiva=6.951
2026-09-12 11:17:15 | DEBUG    | pitching.get_pitcher_stats          | Daniel Espino: ERA temp=2.7 | sin salidas recientes
2026-09-12 11:17:15 | DEBUG    | pitching.get_pitcher_stats          | Daniel Espino: ERA temp=2.7 | sin salidas recientes
2026-09-12 11:17:16 | DEBUG    | bullpen.obtener_bullpen             | Bullpen Minnesota Twins: ERA=4.658 WHIP=1.407 IP=550.9 (21 relievers)
2026-09-12 11:17:16 | DEBUG    | bullpen.obtener_bullpen             | Bullpen Minnesota Twins: ERA=4.658 WHIP=1.407 IP=550.9 (21 relievers)
2026-09-12 11:17:16 | DEBUG    | bullpen.obtener_bullpen             | Bullpen Cleveland Guardians: ERA=3.314 WHIP=1.208 IP=518.7 (13 relievers)
2026-09-12 11:17:16 | DEBUG    | bullpen.obtener_bullpen             | Bullpen Cleveland Guardians: ERA=3.314 WHIP=1.208 IP=518.7 (13 relievers)
2026-09-12 11:17:18 | DEBUG    | pitching.get_pitcher_stats          | Tyler Phillips: ERA temp=3.51 | ERA últ.3 sal.=2.535 | ERA efectiva=3.12
2026-09-12 11:17:18 | DEBUG    | pitching.get_pitcher_stats          | Tyler Phillips: ERA temp=3.51 | ERA últ.3 sal.=2.535 | ERA efectiva=3.12
2026-09-12 11:17:19 | DEBUG    | pitching.get_pitcher_stats          | Tyler Glasnow: ERA temp=3.12 | ERA últ.3 sal.=4.0 | ERA efectiva=3.472
2026-09-12 11:17:19 | DEBUG    | pitching.get_pitcher_stats          | Tyler Glasnow: ERA temp=3.12 | ERA últ.3 sal.=4.0 | ERA efectiva=3.472
2026-09-12 11:17:20 | DEBUG    | bullpen.obtener_bullpen             | Bullpen Miami Marlins: ERA=4.207 WHIP=1.328 IP=626.7 (17 relievers)
2026-09-12 11:17:20 | DEBUG    | bullpen.obtener_bullpen             | Bullpen Miami Marlins: ERA=4.207 WHIP=1.328 IP=626.7 (17 relievers)
2026-09-12 11:17:21 | DEBUG    | bullpen.obtener_bullpen             | Bullpen Los Angeles Dodgers: ERA=4.244 WHIP=1.32 IP=625.8 (19 relievers)
2026-09-12 11:17:21 | DEBUG    | bullpen.obtener_bullpen             | Bullpen Los Angeles Dodgers: ERA=4.244 WHIP=1.32 IP=625.8 (19 relievers)
2026-09-12 11:17:22 | DEBUG    | pitching.get_pitcher_stats          | Ian Seymour: ERA temp=4.33 | ERA últ.3 sal.=5.745 | ERA efectiva=4.896
2026-09-12 11:17:22 | DEBUG    | pitching.get_pitcher_stats          | Ian Seymour: ERA temp=4.33 | ERA últ.3 sal.=5.745 | ERA efectiva=4.896
2026-09-12 11:17:23 | DEBUG    | pitching.get_pitcher_stats          | Peter Lambert: ERA temp=3.67 | ERA últ.3 sal.=3.841 | ERA efectiva=3.738
2026-09-12 11:17:23 | DEBUG    | pitching.get_pitcher_stats          | Peter Lambert: ERA temp=3.67 | ERA últ.3 sal.=3.841 | ERA efectiva=3.738
2026-09-12 11:17:24 | DEBUG    | bullpen.obtener_bullpen             | Bullpen Tampa Bay Rays: ERA=3.618 WHIP=1.215 IP=577.9 (18 relievers)
2026-09-12 11:17:24 | DEBUG    | bullpen.obtener_bullpen             | Bullpen Tampa Bay Rays: ERA=3.618 WHIP=1.215 IP=577.9 (18 relievers)
2026-09-12 11:17:25 | DEBUG    | bullpen.obtener_bullpen             | Bullpen Houston Astros: ERA=3.463 WHIP=1.17 IP=528.9 (17 relievers)
2026-09-12 11:17:25 | DEBUG    | bullpen.obtener_bullpen             | Bullpen Houston Astros: ERA=3.463 WHIP=1.17 IP=528.9 (17 relievers)
2026-09-12 11:17:26 | DEBUG    | pitching.get_pitcher_stats          | Brady Singer: ERA temp=5.03 | ERA últ.3 sal.=8.182 | ERA efectiva=6.291
2026-09-12 11:17:26 | WARNING  | pitching.analizar_pitchers          | Milwaukee Brewers vs Cincinnati Reds — lanzador no confirmado (home: TBD)
2026-09-12 11:17:26 | DEBUG    | pitching.get_pitcher_stats          | Brady Singer: ERA temp=5.03 | ERA últ.3 sal.=8.182 | ERA efectiva=6.291
2026-09-12 11:17:26 | WARNING  | pitching.analizar_pitchers          | Milwaukee Brewers vs Cincinnati Reds — lanzador no confirmado (home: TBD)
2026-09-12 11:17:27 | DEBUG    | bullpen.obtener_bullpen             | Bullpen Milwaukee Brewers: ERA=3.492 WHIP=1.256 IP=633.5 (20 relievers)
2026-09-12 11:17:27 | DEBUG    | bullpen.obtener_bullpen             | Bullpen Cincinnati Reds: ERA=3.917 WHIP=1.299 IP=530.5 (15 relievers)
2026-09-12 11:17:27 | DEBUG    | bullpen.obtener_bullpen             | Bullpen Cincinnati Reds: ERA=3.917 WHIP=1.299 IP=530.5 (15 relievers)
2026-09-12 11:17:29 | DEBUG    | pitching.get_pitcher_stats          | Tyler Mahle: ERA temp=4.05 | ERA últ.3 sal.=1.047 | ERA efectiva=2.849
2026-09-12 11:17:29 | WARNING  | pitching.analizar_pitchers          | Atlanta Braves vs Philadelphia Phillies — lanzador no confirmado (away: TBD)
2026-09-12 11:17:29 | DEBUG    | pitching.get_pitcher_stats          | Tyler Mahle: ERA temp=4.05 | ERA últ.3 sal.=1.047 | ERA efectiva=2.849
2026-09-12 11:17:29 | WARNING  | pitching.analizar_pitchers          | Atlanta Braves vs Philadelphia Phillies — lanzador no confirmado (away: TBD)
2026-09-12 11:17:29 | DEBUG    | bullpen.obtener_bullpen             | Bullpen Atlanta Braves: ERA=3.986 WHIP=1.229 IP=531.3 (18 relievers)
2026-09-12 11:17:29 | DEBUG    | bullpen.obtener_bullpen             | Bullpen Atlanta Braves: ERA=3.986 WHIP=1.229 IP=531.3 (18 relievers)
2026-09-12 11:17:30 | DEBUG    | bullpen.obtener_bullpen             | Bullpen Philadelphia Phillies: ERA=4.234 WHIP=1.312 IP=478.5 (16 relievers)
2026-09-12 11:17:30 | DEBUG    | bullpen.obtener_bullpen             | Bullpen Philadelphia Phillies: ERA=4.234 WHIP=1.312 IP=478.5 (16 relievers)
2026-09-12 11:17:31 | DEBUG    | pitching.get_pitcher_stats          | Kyle Leahy: ERA temp=3.41 | ERA últ.3 sal.=5.87 | ERA efectiva=4.394
2026-09-12 11:17:31 | DEBUG    | pitching.get_pitcher_stats          | Kyle Leahy: ERA temp=3.41 | ERA últ.3 sal.=5.87 | ERA efectiva=4.394
2026-09-12 11:17:33 | DEBUG    | pitching.get_pitcher_stats          | Sean Newcomb: ERA temp=2.71 | ERA últ.3 sal.=0.0 | ERA efectiva=1.826
2026-09-12 11:17:33 | DEBUG    | pitching.get_pitcher_stats          | Sean Newcomb: ERA temp=2.71 | ERA últ.3 sal.=0.0 | ERA efectiva=1.826
2026-09-12 11:17:33 | DEBUG    | bullpen.obtener_bullpen             | Bullpen St. Louis Cardinals: ERA=3.785 WHIP=1.305 IP=537.7 (13 relievers)
2026-09-12 11:17:33 | DEBUG    | bullpen.obtener_bullpen             | Bullpen St. Louis Cardinals: ERA=3.785 WHIP=1.305 IP=537.7 (13 relievers)
2026-09-12 11:17:34 | DEBUG    | bullpen.obtener_bullpen             | Bullpen Chicago White Sox: ERA=4.272 WHIP=1.411 IP=627.5 (17 relievers)
2026-09-12 11:17:34 | DEBUG    | bullpen.obtener_bullpen             | Bullpen Chicago White Sox: ERA=4.272 WHIP=1.411 IP=627.5 (17 relievers)
2026-09-12 11:17:35 | DEBUG    | pitching.get_pitcher_stats          | Brandon Pfaadt: ERA temp=3.53 | ERA últ.3 sal.=4.426 | ERA efectiva=3.888
2026-09-12 11:17:35 | DEBUG    | pitching.get_pitcher_stats          | Brandon Pfaadt: ERA temp=3.53 | ERA últ.3 sal.=4.426 | ERA efectiva=3.888
2026-09-12 11:17:37 | DEBUG    | pitching.get_pitcher_stats          | Kumar Rocker: ERA temp=4.61 | ERA últ.3 sal.=4.091 | ERA efectiva=4.402
2026-09-12 11:17:37 | DEBUG    | pitching.get_pitcher_stats          | Kumar Rocker: ERA temp=4.61 | ERA últ.3 sal.=4.091 | ERA efectiva=4.402
2026-09-12 11:17:37 | DEBUG    | bullpen.obtener_bullpen             | Bullpen Arizona Diamondbacks: ERA=4.99 WHIP=1.433 IP=431.4 (22 relievers)
2026-09-12 11:17:37 | DEBUG    | bullpen.obtener_bullpen             | Bullpen Arizona Diamondbacks: ERA=4.99 WHIP=1.433 IP=431.4 (22 relievers)
2026-09-12 11:17:38 | DEBUG    | bullpen.obtener_bullpen             | Bullpen Texas Rangers: ERA=3.466 WHIP=1.189 IP=571.9 (14 relievers)
2026-09-12 11:17:38 | DEBUG    | bullpen.obtener_bullpen             | Bullpen Texas Rangers: ERA=3.466 WHIP=1.189 IP=571.9 (14 relievers)
2026-09-12 11:17:39 | DEBUG    | pitching.get_pitcher_stats          | Gage Jump: ERA temp=5.12 | ERA últ.3 sal.=6.972 | ERA efectiva=5.861
2026-09-12 11:17:39 | DEBUG    | pitching.get_pitcher_stats          | Gage Jump: ERA temp=5.12 | ERA últ.3 sal.=6.972 | ERA efectiva=5.861
2026-09-12 11:17:41 | DEBUG    | pitching.get_pitcher_stats          | Bryan Woo: ERA temp=4.03 | ERA últ.3 sal.=3.5 | ERA efectiva=3.818
2026-09-12 11:17:41 | DEBUG    | pitching.get_pitcher_stats          | Bryan Woo: ERA temp=4.03 | ERA últ.3 sal.=3.5 | ERA efectiva=3.818
2026-09-12 11:17:41 | DEBUG    | bullpen.obtener_bullpen             | Bullpen Athletics: ERA=4.487 WHIP=1.423 IP=523.5 (18 relievers)
2026-09-12 11:17:41 | DEBUG    | bullpen.obtener_bullpen             | Bullpen Athletics: ERA=4.487 WHIP=1.423 IP=523.5 (18 relievers)
2026-09-12 11:17:42 | DEBUG    | bullpen.obtener_bullpen             | Bullpen Seattle Mariners: ERA=3.701 WHIP=1.255 IP=551.5 (18 relievers)
2026-09-12 11:17:42 | INFO     | pitching.analizar_pitchers          | Pitchers analizados: 15 partidos.
2026-09-12 11:17:42 | DEBUG    | bullpen.obtener_bullpen             | Bullpen Seattle Mariners: ERA=3.701 WHIP=1.255 IP=551.5 (18 relievers)
2026-09-12 11:17:42 | WARNING  | main.main                           | 2 partido(s) excluido(s) por lanzador TBD:
2026-09-12 11:17:42 | INFO     | pitching.analizar_pitchers          | Pitchers analizados: 15 partidos.
2026-09-12 11:17:42 | WARNING  | main.main                           | 2 partido(s) excluido(s) por lanzador TBD:
TBD, away=Brady Singer)
2026-09-12 11:17:42 | WARNING  | main.main                           |   Cincinnati Reds @ Milwaukee Brewers (home=TBD, away=Brady Singer)
2026-09-12 11:17:42 | WARNING  | main.main                           |   Philadelphia Phillies @ Atlanta Braves (home=Tyler Mahle, away=TBD)
2026-09-12 11:17:42 | WARNING  | main.main                           |   Philadelphia Phillies @ Atlanta Braves (home=Tyler Mahle, away=TBD)
2026-09-12 11:17:42 | INFO     | main.main                           | Partidos válidos: 13 / 15
2026-09-12 11:17:42 | INFO     | main.main                           | Partidos válidos: 13 / 15
2026-09-12 11:17:42 | INFO     | main.main                           | Analizando ofensiva...
2026-09-12 11:17:44 | DEBUG    | offense.obtener_stats_ofensivas     | Offense Detroit Tigers vsRHP: OPS pond.=0.807 (5/5 con split)
2026-09-12 11:17:44 | DEBUG    | offense.obtener_stats_ofensivas     | Offense Detroit Tigers vsRHP: OPS pond.=0.807 (5/5 con split)
2026-09-12 11:17:46 | DEBUG    | offense.obtener_stats_ofensivas     | Offense Colorado Rockies vsLHP: OPS pond.=0.755 (5/5 con split)
2026-09-12 11:17:46 | DEBUG    | offense.obtener_stats_ofensivas     | Offense Colorado Rockies vsLHP: OPS pond.=0.755 (5/5 con split)
2026-09-12 11:17:46 | DEBUG    | offense.analizar_ofensiva           | OFFENSE Detroit Tigers (vsRHP OPS=0.807 R/10=4.5 n_runs=0) | Colorado Rockies (vsLHP OPS=0.755 R/10=4.5 n_runs=0)
2026-09-12 11:17:46 | DEBUG    | offense.analizar_ofensiva           | OFFENSE Detroit Tigers (vsRHP OPS=0.807 R/10=4.5 n_runs=0) | Colorado Rockies (vsLHP OPS=0.755 R/10=4.5 n_runs=0)
2026-09-12 11:17:48 | DEBUG    | offense.obtener_stats_ofensivas     | Offense New York Yankees vsLHP: OPS pond.=0.713 (5/5 con split)
2026-09-12 11:17:48 | DEBUG    | offense.obtener_stats_ofensivas     | Offense New York Yankees vsLHP: OPS pond.=0.713 (5/5 con split)
2026-09-12 11:17:50 | DEBUG    | offense.obtener_stats_ofensivas     | Offense New York Mets vsRHP: OPS pond.=0.695 (5/5 con split)
2026-09-12 11:17:50 | DEBUG    | offense.obtener_stats_ofensivas     | Offense New York Mets vsRHP: OPS pond.=0.695 (5/5 con split)
2026-09-12 11:17:50 | DEBUG    | offense.analizar_ofensiva           | OFFENSE New York Yankees (vsLHP OPS=0.713 R/10=4.5 n_runs=0) | New York Mets (vsRHP OPS=0.695 R/10=4.5 n_runs=0)
2026-09-12 11:17:50 | DEBUG    | offense.analizar_ofensiva           | OFFENSE New York Yankees (vsLHP OPS=0.713 R/10=4.5 n_runs=0) | New York Mets (vsRHP OPS=0.695 R/10=4.5 n_runs=0)
2026-09-12 11:17:52 | DEBUG    | offense.obtener_stats_ofensivas     | Offense Chicago Cubs vsRHP: OPS pond.=0.791 (5/5 con split)
2026-09-12 11:17:52 | DEBUG    | offense.obtener_stats_ofensivas     | Offense Chicago Cubs vsRHP: OPS pond.=0.791 (5/5 con split)
2026-09-12 11:17:54 | DEBUG    | offense.obtener_stats_ofensivas     | Offense Pittsburgh Pirates vsRHP: OPS pond.=0.799 (5/5 con split)
2026-09-12 11:17:54 | DEBUG    | offense.obtener_stats_ofensivas     | Offense Pittsburgh Pirates vsRHP: OPS pond.=0.799 (5/5 con split)
2026-09-12 11:17:54 | DEBUG    | offense.analizar_ofensiva           | OFFENSE Chicago Cubs (vsRHP OPS=0.791 R/10=4.5 n_runs=0) | Pittsburgh Pirates (vsRHP OPS=0.799 R/10=4.5 n_runs=0)
2026-09-12 11:17:54 | DEBUG    | offense.analizar_ofensiva           | OFFENSE Chicago Cubs (vsRHP OPS=0.791 R/10=4.5 n_runs=0) | Pittsburgh Pirates (vsRHP OPS=0.799 R/10=4.5 n_runs=0)
2026-09-12 11:17:56 | DEBUG    | offense.obtener_stats_ofensivas     | Offense Toronto Blue Jays vsRHP: OPS pond.=0.698 (5/5 con split)
2026-09-12 11:17:56 | DEBUG    | offense.obtener_stats_ofensivas     | Offense Toronto Blue Jays vsRHP: OPS pond.=0.698 (5/5 con split)
2026-09-12 11:17:58 | DEBUG    | offense.obtener_stats_ofensivas     | Offense Baltimore Orioles vsRHP: OPS pond.=0.717 (5/5 con split)
2026-09-12 11:17:58 | DEBUG    | offense.analizar_ofensiva           | OFFENSE Toronto Blue Jays (vsRHP OPS=0.698 R/10=4.5 n_runs=0) | Baltimore Orioles (vsRHP OPS=0.717 R/10=4.5 n_runs=0)
2026-09-12 11:17:58 | DEBUG    | offense.analizar_ofensiva           | OFFENSE Toronto Blue Jays (vsRHP OPS=0.698 R/10=4.5 n_runs=0) | Baltimore Orioles (vsRHP OPS=0.717 R/10=4.5 n_runs=0)
2026-09-12 11:18:00 | DEBUG    | offense.obtener_stats_ofensivas     | Offense Washington Nationals vsRHP: OPS pond.=0.776 (5/5 con split)
2026-09-12 11:18:02 | DEBUG    | offense.obtener_stats_ofensivas     | Offense Los Angeles Angels vsLHP: OPS pond.=0.825 (5/5 con split)
2026-09-12 11:18:02 | DEBUG    | offense.analizar_ofensiva           | OFFENSE Washington Nationals (vsRHP OPS=0.776 R/10=4.5 n_runs=0) | Los Angeles Angels (vsLHP OPS=0.825 R/10=4.5 n_runs=0)
2026-09-12 11:18:02 | DEBUG    | offense.analizar_ofensiva           | OFFENSE Washington Nationals (vsRHP OPS=0.776 R/10=4.5 n_runs=0) | Los Angeles Angels (vsLHP OPS=0.825 R/10=4.5 n_runs=0)
2026-09-12 11:18:04 | DEBUG    | offense.obtener_stats_ofensivas     | Offense San Francisco Giants vsRHP: OPS pond.=0.835 (5/5 con split)
2026-09-12 11:18:04 | DEBUG    | offense.obtener_stats_ofensivas     | Offense San Francisco Giants vsRHP: OPS pond.=0.835 (5/5 con split)
2026-09-12 11:18:06 | DEBUG    | offense.obtener_stats_ofensivas     | Offense San Diego Padres vsLHP: OPS pond.=0.776 (5/5 con split)
2026-09-12 11:18:06 | DEBUG    | offense.obtener_stats_ofensivas     | Offense San Diego Padres vsLHP: OPS pond.=0.776 (5/5 con split)
2026-09-12 11:18:06 | DEBUG    | offense.analizar_ofensiva           | OFFENSE San Francisco Giants (vsRHP OPS=0.835 R/10=4.5 n_runs=0) | San Diego Padres (vsLHP OPS=0.776 R/10=4.5 n_runs=0)
2026-09-12 11:18:06 | DEBUG    | offense.analizar_ofensiva           | OFFENSE San Francisco Giants (vsRHP OPS=0.835 R/10=4.5 n_runs=0) | San Diego Padres (vsLHP OPS=0.776 R/10=4.5 n_runs=0)
2026-09-12 11:18:08 | DEBUG    | offense.obtener_stats_ofensivas     | Offense Boston Red Sox vsRHP: OPS pond.=0.745 (5/5 con split)
2026-09-12 11:18:08 | DEBUG    | offense.obtener_stats_ofensivas     | Offense Boston Red Sox vsRHP: OPS pond.=0.745 (5/5 con split)
2026-09-12 11:18:10 | DEBUG    | offense.obtener_stats_ofensivas     | Offense Kansas City Royals vsLHP: OPS pond.=0.715 (5/5 con split)
2026-09-12 11:18:10 | DEBUG    | offense.obtener_stats_ofensivas     | Offense Kansas City Royals vsLHP: OPS pond.=0.715 (5/5 con split)
2026-09-12 11:18:10 | DEBUG    | offense.analizar_ofensiva           | OFFENSE Boston Red Sox (vsRHP OPS=0.745 R/10=4.5 n_runs=0) | Kansas City Royals (vsLHP OPS=0.715 R/10=4.5 n_runs=0)
2026-09-12 11:18:10 | DEBUG    | offense.analizar_ofensiva           | OFFENSE Boston Red Sox (vsRHP OPS=0.745 R/10=4.5 n_runs=0) | Kansas City Royals (vsLHP OPS=0.715 R/10=4.5 n_runs=0)
2026-09-12 11:18:12 | DEBUG    | offense.obtener_stats_ofensivas     | Offense Minnesota Twins vsRHP: OPS pond.=0.76 (5/5 con split)
2026-09-12 11:18:12 | DEBUG    | offense.obtener_stats_ofensivas     | Offense Minnesota Twins vsRHP: OPS pond.=0.76 (5/5 con split)
2026-09-12 11:18:14 | DEBUG    | offense.obtener_stats_ofensivas     | Offense Cleveland Guardians vsLHP: OPS pond.=0.697 (5/5 con split)
2026-09-12 11:18:14 | DEBUG    | offense.obtener_stats_ofensivas     | Offense Cleveland Guardians vsLHP: OPS pond.=0.697 (5/5 con split)
2026-09-12 11:18:14 | DEBUG    | offense.analizar_ofensiva           | OFFENSE Minnesota Twins (vsRHP OPS=0.76 R/10=4.5 n_runs=0) | Cleveland Guardians (vsLHP OPS=0.697 R/10=4.5 n_runs=0)
2026-09-12 11:18:14 | DEBUG    | offense.analizar_ofensiva           | OFFENSE Minnesota Twins (vsRHP OPS=0.76 R/10=4.5 n_runs=0) | Cleveland Guardians (vsLHP OPS=0.697 R/10=4.5 n_runs=0)
2026-09-12 11:18:16 | DEBUG    | offense.obtener_stats_ofensivas     | Offense Miami Marlins vsRHP: OPS pond.=0.753 (5/5 con split)
2026-09-12 11:18:16 | DEBUG    | offense.obtener_stats_ofensivas     | Offense Miami Marlins vsRHP: OPS pond.=0.753 (5/5 con split)
2026-09-12 11:18:18 | DEBUG    | offense.obtener_stats_ofensivas     | Offense Los Angeles Dodgers vsRHP: OPS pond.=0.821 (5/5 con split)
2026-09-12 11:18:18 | DEBUG    | offense.obtener_stats_ofensivas     | Offense Los Angeles Dodgers vsRHP: OPS pond.=0.821 (5/5 con split)
2026-09-12 11:18:18 | DEBUG    | offense.analizar_ofensiva           | OFFENSE Miami Marlins (vsRHP OPS=0.753 R/10=4.5 n_runs=0) | Los Angeles Dodgers (vsRHP OPS=0.821 R/10=4.5 n_runs=0)
2026-09-12 11:18:18 | DEBUG    | offense.analizar_ofensiva           | OFFENSE Miami Marlins (vsRHP OPS=0.753 R/10=4.5 n_runs=0) | Los Angeles Dodgers (vsRHP OPS=0.821 R/10=4.5 n_runs=0)
2026-09-12 11:18:20 | DEBUG    | offense.obtener_stats_ofensivas     | Offense Tampa Bay Rays vsRHP: OPS pond.=0.791 (5/5 con split)
2026-09-12 11:18:20 | DEBUG    | offense.obtener_stats_ofensivas     | Offense Tampa Bay Rays vsRHP: OPS pond.=0.791 (5/5 con split)
2026-09-12 11:18:22 | DEBUG    | offense.obtener_stats_ofensivas     | Offense Houston Astros vsLHP: OPS pond.=0.777 (5/5 con split)
2026-09-12 11:18:22 | DEBUG    | offense.obtener_stats_ofensivas     | Offense Houston Astros vsLHP: OPS pond.=0.777 (5/5 con split)
2026-09-12 11:18:22 | DEBUG    | offense.analizar_ofensiva           | OFFENSE Tampa Bay Rays (vsRHP OPS=0.791 R/10=4.5 n_runs=0) | Houston Astros (vsLHP OPS=0.777 R/10=4.5 n_runs=0)
2026-09-12 11:18:22 | DEBUG    | offense.analizar_ofensiva           | OFFENSE Tampa Bay Rays (vsRHP OPS=0.791 R/10=4.5 n_runs=0) | Houston Astros (vsLHP OPS=0.777 R/10=4.5 n_runs=0)
2026-09-12 11:18:24 | DEBUG    | offense.obtener_stats_ofensivas     | Offense St. Louis Cardinals vsLHP: OPS pond.=0.731 (5/5 con split)
2026-09-12 11:18:24 | DEBUG    | offense.obtener_stats_ofensivas     | Offense St. Louis Cardinals vsLHP: OPS pond.=0.731 (5/5 con split)
2026-09-12 11:18:26 | DEBUG    | offense.obtener_stats_ofensivas     | Offense Chicago White Sox vsRHP: OPS pond.=0.751 (5/5 con split)
2026-09-12 11:18:26 | DEBUG    | offense.obtener_stats_ofensivas     | Offense Chicago White Sox vsRHP: OPS pond.=0.751 (5/5 con split)
2026-09-12 11:18:26 | DEBUG    | offense.analizar_ofensiva           | OFFENSE St. Louis Cardinals (vsLHP OPS=0.731 R/10=4.5 n_runs=0) | Chicago White Sox (vsRHP OPS=0.751 R/10=4.5 n_runs=0)
2026-09-12 11:18:26 | DEBUG    | offense.analizar_ofensiva           | OFFENSE St. Louis Cardinals (vsLHP OPS=0.731 R/10=4.5 n_runs=0) | Chicago White Sox (vsRHP OPS=0.751 R/10=4.5 n_runs=0)
2026-09-12 11:18:28 | DEBUG    | offense.obtener_stats_ofensivas     | Offense Arizona Diamondbacks vsRHP: OPS pond.=0.752 (5/5 con split)
2026-09-12 11:18:30 | DEBUG    | offense.obtener_stats_ofensivas     | Offense Texas Rangers vsRHP: OPS pond.=0.715 (5/5 con split)
2026-09-12 11:18:30 | DEBUG    | offense.obtener_stats_ofensivas     | Offense Texas Rangers vsRHP: OPS pond.=0.715 (5/5 con split)
2026-09-12 11:18:30 | DEBUG    | offense.analizar_ofensiva           | OFFENSE Arizona Diamondbacks (vsRHP OPS=0.752 R/10=4.5 n_runs=0) | Texas Rangers (vsRHP OPS=0.715 R/10=4.5 n_runs=0)
2026-09-12 11:18:30 | DEBUG    | offense.analizar_ofensiva           | OFFENSE Arizona Diamondbacks (vsRHP OPS=0.752 R/10=4.5 n_runs=0) | Texas Rangers (vsRHP OPS=0.715 R/10=4.5 n_runs=0)
2026-09-12 11:18:32 | DEBUG    | offense.obtener_stats_ofensivas     | Offense Athletics vsRHP: OPS pond.=0.798 (5/5 con split)
2026-09-12 11:18:32 | DEBUG    | offense.obtener_stats_ofensivas     | Offense Athletics vsRHP: OPS pond.=0.798 (5/5 con split)
2026-09-12 11:18:34 | DEBUG    | offense.obtener_stats_ofensivas     | Offense Seattle Mariners vsLHP: OPS pond.=0.689 (5/5 con split)
2026-09-12 11:18:34 | DEBUG    | offense.obtener_stats_ofensivas     | Offense Seattle Mariners vsLHP: OPS pond.=0.689 (5/5 con split)
2026-09-12 11:18:34 | DEBUG    | offense.analizar_ofensiva           | OFFENSE Athletics (vsRHP OPS=0.798 R/10=4.5 n_runs=0) | Seattle Mariners (vsLHP OPS=0.689 R/10=4.5 n_runs=0)
2026-09-12 11:18:34 | DEBUG    | offense.analizar_ofensiva           | OFFENSE Athletics (vsRHP OPS=0.798 R/10=4.5 n_runs=0) | Seattle Mariners (vsLHP OPS=0.689 R/10=4.5 n_runs=0)
2026-09-12 11:18:34 | INFO     | main.main                           | Analizando defensiva...
2026-09-12 11:18:34 | INFO     | main.main                           | Analizando defensiva...
2026-09-12 11:18:45 | INFO     | main.main                           | Analizando historial H2H...
2026-09-12 11:18:45 | INFO     | main.main                           | Analizando historial H2H...
2026-09-12 11:18:56 | INFO     | main.main                           | Analizando contexto ambiental...
2026-09-12 11:18:56 | DEBUG    | context.analizar_contexto           | Analizando contexto ambiental...
2026-09-12 11:18:56 | INFO     | main.main                           | Analizando contexto ambiental...
2026-09-12 11:18:56 | DEBUG    | context.analizar_contexto           | Analizando contexto ambiental...
2026-09-12 11:19:02 | DEBUG    | context.analizar_contexto           | Contexto Detroit Tigers vs Colorado Rockies: {'temperatura': 25.5, 'viento_kph': 11.3, 'condiciones': 'Nublado', 'fuente': 'open-meteo-current', 'is_default': False, 'venue_default': False} @ 13h
2026-09-12 11:19:02 | DEBUG    | context.analizar_contexto           | Contexto Detroit Tigers vs Colorado Rockies: {'temperatura': 25.5, 'viento_kph': 11.3, 'condiciones': 'Nublado', 'fuente': 'open-meteo-current', 'is_default': False, 'venue_default': False} @ 13h
2026-09-12 11:19:03 | DEBUG    | context.analizar_contexto           | Contexto New York Yankees vs New York Mets: {'temperatura': 27.2, 'viento_kph': 15.3, 'condiciones': 'Nublado', 'fuente': 'open-meteo-current', 'is_default': False, 'venue_default': False} @ 13h
2026-09-12 11:19:03 | DEBUG    | context.analizar_contexto           | Contexto New York Yankees vs New York Mets: {'temperatura': 27.2, 'viento_kph': 15.3, 'condiciones': 'Nublado', 'fuente': 'open-meteo-current', 'is_default': False, 'venue_default': False} @ 13h
2026-09-12 11:19:04 | DEBUG    | context.analizar_contexto           | Contexto Chicago Cubs vs Pittsburgh Pirates: {'temperatura': 29.3, 'viento_kph': 11.6, 'condiciones': 'Despejado', 'fuente': 'open-meteo-current', 'is_default': False, 'venue_default': False} @ 13h
2026-09-12 11:19:04 | DEBUG    | context.analizar_contexto           | Contexto Chicago Cubs vs Pittsburgh Pirates: {'temperatura': 29.3, 'viento_kph': 11.6, 'condiciones': 'Despejado', 'fuente': 'open-meteo-current', 'is_default': False, 'venue_default': False} @ 13h
2026-09-12 11:19:04 | DEBUG    | context.analizar_contexto           | Contexto Toronto Blue Jays vs Baltimore Orioles: {'temperatura': 23.9, 'viento_kph': 8.2, 'condiciones': 'Nublado', 'fuente': 'open-meteo-current', 'is_default': False, 'venue_default': False} @ 15h
2026-09-12 11:19:04 | DEBUG    | context.analizar_contexto           | Contexto Toronto Blue Jays vs Baltimore Orioles: {'temperatura': 23.9, 'viento_kph': 8.2, 'condiciones': 'Nublado', 'fuente': 'open-meteo-current', 'is_default': False, 'venue_default': False} @ 15h
2026-09-12 11:19:05 | DEBUG    | context.analizar_contexto           | Contexto Washington Nationals vs Los Angeles Angels: {'temperatura': 27.4, 'viento_kph': 11.4, 'condiciones': 'Parcialmente nublado', 'fuente': 'open-meteo-current', 'is_default': False, 'venue_default': False} @ 16h
2026-09-12 11:19:06 | DEBUG    | context.analizar_contexto           | Contexto San Francisco Giants vs San Diego Padres: {'temperatura': 17.9, 'viento_kph': 21.9, 'condiciones': 'Despejado', 'fuente': 'open-meteo-current', 'is_default': False, 'venue_default': False} @ 13h
2026-09-12 11:19:06 | DEBUG    | context.analizar_contexto           | Contexto San Francisco Giants vs San Diego Padres: {'temperatura': 17.9, 'viento_kph': 21.9, 'condiciones': 'Despejado', 'fuente': 'open-meteo-current', 'is_default': False, 'venue_default': False} @ 13h
2026-09-12 11:19:06 | DEBUG    | context.analizar_contexto           | Contexto Boston Red Sox vs Kansas City Royals: {'temperatura': 24.1, 'viento_kph': 8.3, 'condiciones': 'Despejado', 'fuente': 'open-meteo-current', 'is_default': False, 'venue_default': False} @ 16h
2026-09-12 11:19:07 | DEBUG    | context.analizar_contexto           | Contexto Minnesota Twins vs Cleveland Guardians: {'temperatura': 21.3, 'viento_kph': 19.2, 'condiciones': 'Nublado', 'fuente': 'open-meteo-current', 'is_default': False, 'venue_default': False} @ 15h
2026-09-12 11:19:07 | DEBUG    | context.analizar_contexto           | Contexto Minnesota Twins vs Cleveland Guardians: {'temperatura': 21.3, 'viento_kph': 19.2, 'condiciones': 'Nublado', 'fuente': 'open-meteo-current', 'is_default': False, 'venue_default': False} @ 15h
2026-09-12 11:19:08 | DEBUG    | context.analizar_contexto           | Contexto Miami Marlins vs Los Angeles Dodgers: {'temperatura': 30.7, 'viento_kph': 13.8, 'condiciones': 'Principalmente despejado', 'fuente': 'open-meteo-current', 'is_default': False, 'venue_default': False} @ 16h
2026-09-12 11:19:08 | DEBUG    | context.analizar_contexto           | Contexto Miami Marlins vs Los Angeles Dodgers: {'temperatura': 30.7, 'viento_kph': 13.8, 'condiciones': 'Principalmente despejado', 'fuente': 'open-meteo-current', 'is_default': False, 'venue_default': False} @ 16h
2026-09-12 11:19:09 | DEBUG    | context.analizar_contexto           | Contexto Tampa Bay Rays vs Houston Astros: {'temperatura': 30.6, 'viento_kph': 8.7, 'condiciones': 'Despejado', 'fuente': 'open-meteo-current', 'is_default': False, 'venue_default': False} @ 18h
2026-09-12 11:19:09 | DEBUG    | context.analizar_contexto           | Contexto Tampa Bay Rays vs Houston Astros: {'temperatura': 30.6, 'viento_kph': 8.7, 'condiciones': 'Despejado', 'fuente': 'open-meteo-current', 'is_default': False, 'venue_default': False} @ 18h
2026-09-12 11:19:10 | DEBUG    | context.analizar_contexto           | Contexto St. Louis Cardinals vs Chicago White Sox: {'temperatura': 27.9, 'viento_kph': 5.2, 'condiciones': 'Despejado', 'fuente': 'open-meteo-current', 'is_default': False, 'venue_default': False} @ 18h
2026-09-12 11:19:10 | DEBUG    | context.analizar_contexto           | Contexto St. Louis Cardinals vs Chicago White Sox: {'temperatura': 27.9, 'viento_kph': 5.2, 'condiciones': 'Despejado', 'fuente': 'open-meteo-current', 'is_default': False, 'venue_default': False} @ 18h
2026-09-12 11:19:10 | DEBUG    | context.analizar_contexto           | Contexto Arizona Diamondbacks vs Texas Rangers: {'temperatura': 35.6, 'viento_kph': 2.8, 'condiciones': 'Despejado', 'fuente': 'open-meteo-current', 'is_default': False, 'venue_default': False} @ 17h
2026-09-12 11:19:11 | WARNING  | context.analizar_contexto           | Estadio sin coordenadas: Sutter Health Park. Usando coordenada default.
2026-09-12 11:19:11 | DEBUG    | context.analizar_contexto           | Contexto Athletics vs Seattle Mariners: {'temperatura': 21.4, 'viento_kph': 14.3, 'condiciones': 'Despejado', 'fuente': 'open-meteo-current', 'is_default': False, 'venue_default': True} @ 21h
2026-09-12 11:19:11 | DEBUG    | context.analizar_contexto           | Contexto Athletics vs Seattle Mariners: {'temperatura': 21.4, 'viento_kph': 14.3, 'condiciones': 'Despejado', 'fuente': 'open-meteo-current', 'is_default': False, 'venue_default': True} @ 21h
2026-09-12 11:19:11 | INFO     | main.main                           | Proyectando totales...
2026-09-12 11:19:11 | INFO     | main.main                           | Proyectando totales...
2026-09-12 11:19:12 | DEBUG    | projections.proyectar_totales       | Detroit Tigers vs Colorado Rockies | venue=Comerica Park tipo=abierto T_ext=20°C T_ef=20°C adj=+0% PF_base=0.93 PF_final=0.93 | ERA_ef=4.796/3.182 FIP=4.824/4.024 | Proy: 4.826 - 3.742 (total=8.568)
2026-09-12 11:19:12 | DEBUG    | projections.proyectar_totales       | New York Yankees vs New York Mets | venue=Yankee Stadium tipo=abierto T_ext=20°C T_ef=20°C adj=+0% PF_base=1.04 PF_final=1.04 | ERA_ef=4.143/4.035 FIP=4.072/3.689 | Proy: 4.475 - 4.228 (total=8.703)
2026-09-12 11:19:12 | DEBUG    | projections.proyectar_totales       | Chicago Cubs vs Pittsburgh Pirates | venue=Wrigley Field tipo=abierto T_ext=20°C T_ef=20°C adj=+0% PF_base=1.05 PF_final=1.05 | ERA_ef=3.474/3.382 FIP=3.834/4.708 | Proy: 4.512 - 4.739 (total=9.251)
2026-09-12 11:19:12 | DEBUG    | projections.proyectar_totales       | Toronto Blue Jays vs Baltimore Orioles | venue=Rogers Centre tipo=abierto T_ext=20°C T_ef=20°C adj=+0% PF_base=0.98 PF_final=0.98 | ERA_ef=4.819/4.748 FIP=4.078/4.002 | Proy: 4.485 - 4.477 (total=8.962)
2026-09-12 11:19:12 | DEBUG    | projections.proyectar_totales       | Washington Nationals vs Los Angeles Angels | venue=Nationals Park tipo=abierto T_ext=20°C T_ef=20°C adj=+0% PF_base=0.96 PF_final=0.96 | ERA_ef=2.633/3.67 FIP=4.135/4.722 | Proy: 3.901 - 4.528 (total=8.429)
2026-09-12 11:19:12 | DEBUG    | projections.proyectar_totales       | San Francisco Giants vs San Diego Padres | venue=Oracle Park tipo=abierto T_ext=20°C T_ef=20°C adj=+0% PF_base=0.93 PF_final=0.93 | ERA_ef=2.0/0.74 FIP=4.15/4.211 | Proy: 3.121 - 2.91 (total=6.031)
2026-09-12 11:19:12 | DEBUG    | projections.proyectar_totales       | Boston Red Sox vs Kansas City Royals | venue=Fenway Park tipo=abierto T_ext=20°C T_ef=20°C adj=+0% PF_base=1.12 PF_final=1.12 | ERA_ef=3.524/3.538 FIP=4.6/3.712 | Proy: 4.907 - 4.305 (total=9.212)
2026-09-12 11:19:12 | DEBUG    | projections.proyectar_totales       | Detroit Tigers vs Colorado Rockies | venue=Comerica Park tipo=abierto T_ext=20°C T_ef=20°C adj=+0% PF_base=0.93 PF_final=0.93 | ERA_ef=4.796/3.182 FIP=4.824/4.024 | Proy: 4.826 - 3.742 (total=8.568)
2026-09-12 11:19:12 | DEBUG    | projections.proyectar_totales       | Minnesota Twins vs Cleveland Guardians | venue=Target Field tipo=abierto T_ext=20°C T_ef=20°C adj=+0% PF_base=0.98 PF_final=0.98 | ERA_ef=2.7/6.951 FIP=3.856/4.292 | Proy: 3.551 - 5.479 (total=9.03)
2026-09-12 11:19:12 | DEBUG    | projections.proyectar_totales       | New York Yankees vs New York Mets | venue=Yankee Stadium tipo=abierto T_ext=20°C T_ef=20°C adj=+0% PF_base=1.04 PF_final=1.04 | ERA_ef=4.143/4.035 FIP=4.072/3.689 | Proy: 4.475 - 4.228 (total=8.703)
2026-09-12 11:19:12 | DEBUG    | projections.proyectar_totales       | Miami Marlins vs Los Angeles Dodgers | venue=loanDepot park tipo=abierto T_ext=20°C T_ef=20°C adj=+0% PF_base=0.92 PF_final=0.92 | ERA_ef=3.472/3.12 FIP=3.817/4.112 | Proy: 3.821 - 3.961 (total=7.782)
2026-09-12 11:19:12 | DEBUG    | projections.proyectar_totales       | Chicago Cubs vs Pittsburgh Pirates | venue=Wrigley Field tipo=abierto T_ext=20°C T_ef=20°C adj=+0% PF_base=1.05 PF_final=1.05 | ERA_ef=3.474/3.382 FIP=3.834/4.708 | Proy: 4.512 - 4.739 (total=9.251)
2026-09-12 11:19:12 | DEBUG    | projections.proyectar_totales       | Tampa Bay Rays vs Houston Astros | venue=Tropicana Field tipo=abierto T_ext=20°C T_ef=20°C adj=+0% PF_base=0.91 PF_final=0.91 | ERA_ef=3.738/4.896 FIP=4.552/4.056 | Proy: 4.089 - 4.205 (total=8.294)
2026-09-12 11:19:12 | DEBUG    | projections.proyectar_totales       | Toronto Blue Jays vs Baltimore Orioles | venue=Rogers Centre tipo=abierto T_ext=20°C T_ef=20°C adj=+0% PF_base=0.98 PF_final=0.98 | ERA_ef=4.819/4.748 FIP=4.078/4.002 | Proy: 4.485 - 4.477 (total=8.962)
2026-09-12 11:19:12 | DEBUG    | projections.proyectar_totales       | St. Louis Cardinals vs Chicago White Sox | venue=Busch Stadium tipo=abierto T_ext=20°C T_ef=20°C adj=+0% PF_base=0.97 PF_final=0.97 | ERA_ef=1.826/4.394 FIP=4.27/4.102 | Proy: 3.496 - 4.363 (total=7.859)
2026-09-12 11:19:12 | DEBUG    | projections.proyectar_totales       | Washington Nationals vs Los Angeles Angels | venue=Nationals Park tipo=abierto T_ext=20°C T_ef=20°C adj=+0% PF_base=0.96 PF_final=0.96 | ERA_ef=2.633/3.67 FIP=4.135/4.722 | Proy: 3.901 - 4.528 (total=8.429)
2026-09-12 11:19:12 | DEBUG    | projections.proyectar_totales       | San Francisco Giants vs San Diego Padres | venue=Oracle Park tipo=abierto T_ext=20°C T_ef=20°C adj=+0% PF_base=0.93 PF_final=0.93 | ERA_ef=2.0/0.74 FIP=4.15/4.211 | Proy: 3.121 - 2.91 (total=6.031)
2026-09-12 11:19:12 | DEBUG    | projections.proyectar_totales       | Athletics vs Seattle Mariners | venue=Sutter Health Park tipo=abierto T_ext=20°C T_ef=20°C adj=+0% PF_base=1.0 PF_final=1.0 | ERA_ef=3.818/5.861 FIP=4.023/4.852 | Proy: 4.221 - 5.35 (total=9.571)
2026-09-12 11:19:12 | DEBUG    | projections.proyectar_totales       | Boston Red Sox vs Kansas City Royals | venue=Fenway Park tipo=abierto T_ext=20°C T_ef=20°C adj=+0% PF_base=1.12 PF_final=1.12 | ERA_ef=3.524/3.538 FIP=4.6/3.712 | Proy: 4.907 - 4.305 (total=9.212)
2026-09-12 11:19:12 | INFO     | main.main                           | Aplicando simulaciones Poisson...
2026-09-12 11:19:12 | DEBUG    | projections.proyectar_totales       | Minnesota Twins vs Cleveland Guardians | venue=Target Field tipo=abierto T_ext=20°C T_ef=20°C adj=+0% PF_base=0.98 PF_final=0.98 | ERA_ef=2.7/6.951 FIP=3.856/4.292 | Proy: 3.551 - 5.479 (total=9.03)
2026-09-12 11:19:12 | DEBUG    | projections.proyectar_totales       | Miami Marlins vs Los Angeles Dodgers | venue=loanDepot park tipo=abierto T_ext=20°C T_ef=20°C adj=+0% PF_base=0.92 PF_final=0.92 | ERA_ef=3.472/3.12 FIP=3.817/4.112 | Proy: 3.821 - 3.961 (total=7.782)
2026-09-12 11:19:12 | DEBUG    | projections.proyectar_totales       | Tampa Bay Rays vs Houston Astros | venue=Tropicana Field tipo=abierto T_ext=20°C T_ef=20°C adj=+0% PF_base=0.91 PF_final=0.91 | ERA_ef=3.738/4.896 FIP=4.552/4.056 | Proy: 4.089 - 4.205 (total=8.294)
2026-09-12 11:19:12 | DEBUG    | projections.proyectar_totales       | St. Louis Cardinals vs Chicago White Sox | venue=Busch Stadium tipo=abierto T_ext=20°C T_ef=20°C adj=+0% PF_base=0.97 PF_final=0.97 | ERA_ef=1.826/4.394 FIP=4.27/4.102 | Proy: 3.496 - 4.363 (total=7.859)
2026-09-12 11:19:12 | DEBUG    | projections.proyectar_totales       | Arizona Diamondbacks vs Texas Rangers | venue=Chase Field tipo=abierto T_ext=20°C T_ef=20°C adj=+0% PF_base=1.02 PF_final=1.02 | ERA_ef=4.402/3.888 FIP=4.154/4.333 | Proy: 4.491 - 4.707 (total=9.198)
2026-09-12 11:19:12 | DEBUG    | projections.proyectar_totales       | Athletics vs Seattle Mariners | venue=Sutter Health Park tipo=abierto T_ext=20°C T_ef=20°C adj=+0% PF_base=1.0 PF_final=1.0 | ERA_ef=3.818/5.861 FIP=4.023/4.852 | Proy: 4.221 - 5.35 (total=9.571)
2026-09-12 11:19:12 | INFO     | main.main                           | Aplicando simulaciones Poisson...
2026-09-12 11:54:37 | INFO     | main.main                           | Obteniendo cuotas (The Odds API)...
2026-09-12 11:54:38 | DEBUG    | line_movement.guardar_snapshot_diar | Snapshot de líneas guardado: 15 eventos @ 2026-09-12T17:54
2026-09-12 11:54:38 | DEBUG    | markets.analizar_mercados           | Procesando mercados de apuestas...
2026-09-12 11:54:38 | INFO     | main.main                           | Partidos con cuotas disponibles: 13
2026-09-12 11:54:38 | INFO     | main.main                           | Calculando valor esperado y picks...
2026-09-12 11:54:38 | DEBUG    | value.analizar_valor                | Detroit Tigers vs Colorado Rockies | Proy: 4.83-3.74 | ML: Detroit Tigers EV=76.9 stake=0.0% | RL: Detroit Tigers EV=-4.3 stake=0.0% | Total: Sin ventaja clara EV=0.0 stake=0.0% | Mejor: Ninguno
2026-09-12 11:54:38 | DEBUG    | value.analizar_valor                | New York Yankees vs New York Mets | Proy: 4.47-4.23 | ML: New York Yankees EV=6.7 stake=0.0% | RL: New York Yankees EV=-8.2 stake=0.0% | Total: Sin ventaja clara EV=0.0 stake=0.0% | Mejor: Ninguno
2026-09-12 11:54:38 | DEBUG    | value.analizar_valor                | Chicago Cubs vs Pittsburgh Pirates | Proy: 4.51-4.74 | ML: Pittsburgh Pirates EV=3.1 stake=0.0% | RL: Pittsburgh Pirates EV=13.9 stake=0.0% | Total: Sin ventaja clara EV=0.0 stake=0.0% | Mejor: Ninguno
2026-09-12 11:54:38 | DEBUG    | value.analizar_valor                | Toronto Blue Jays vs Baltimore Orioles | Proy: 4.49-4.48 | ML: Baltimore Orioles EV=2.6 stake=0.0% | RL: Toronto Blue Jays EV=-7.8 stake=0.0% | Total: Sin ventaja clara EV=0.0 stake=0.0% | Mejor: Ninguno
2026-09-12 11:54:38 | DEBUG    | value.analizar_valor                | Washington Nationals vs Los Angeles Angels | Proy: 3.90-4.53 | ML: Los Angeles Angels EV=9.6 stake=0.0% | RL: Los Angeles Angels EV=20.5 stake=0.0% | Total: Sin ventaja clara EV=0.0 stake=0.0% | Mejor: Ninguno
2026-09-12 11:54:38 | DEBUG    | value.analizar_valor                | San Francisco Giants vs San Diego Padres | Proy: 3.12-2.91 | ML: San Francisco Giants EV=14.1 stake=0.0% | RL: San Francisco Giants EV=7.7 stake=0.0% | Total: Under EV=12.2 stake=0.0% | Mejor: Ninguno
2026-09-12 11:54:38 | DEBUG    | value.analizar_valor                | Boston Red Sox vs Kansas City Royals | Proy: 4.91-4.30 | ML: Kansas City Royals EV=5.1 stake=0.0% | RL: Kansas City Royals EV=5.7 stake=1.13% | Total: Sin ventaja clara EV=0.0 stake=0.0% | Mejor: RL: Kansas City Royals
2026-09-12 11:54:38 | DEBUG    | value.analizar_valor                | Minnesota Twins vs Cleveland Guardians | Proy: 3.55-5.48 | ML: Cleveland Guardians EV=14.3 stake=0.0% | RL: Cleveland Guardians EV=36.1 stake=0.0% | Total: Sin ventaja clara EV=0.0 stake=0.0% | Mejor: Ninguno
2026-09-12 11:54:38 | DEBUG    | value.analizar_valor                | Miami Marlins vs Los Angeles Dodgers | Proy: 3.82-3.96 | ML: Miami Marlins EV=6.1 stake=0.0% | RL: Miami Marlins EV=7.2 stake=0.0% | Total: Sin ventaja clara EV=0.0 stake=0.0% | Mejor: Ninguno
2026-09-12 11:54:38 | DEBUG    | value.analizar_valor                | Tampa Bay Rays vs Houston Astros | Proy: 4.09-4.21 | ML: Houston Astros EV=5.8 stake=0.0% | RL: Houston Astros EV=-8.2 stake=0.0% | Total: Sin ventaja clara EV=0.0 stake=0.0% | Mejor: Ninguno
2026-09-12 11:54:38 | DEBUG    | value.analizar_valor                | St. Louis Cardinals vs Chicago White Sox | Proy: 3.50-4.36 | ML: Chicago White Sox EV=7.9 stake=1.25% | RL: Chicago White Sox EV=25.3 stake=0.0% | Total: Sin ventaja clara EV=0.0 stake=0.0% | Mejor: ML: Chicago White Sox
2026-09-12 11:54:38 | DEBUG    | value.analizar_valor                | Arizona Diamondbacks vs Texas Rangers | Proy: 4.49-4.71 | ML: Texas Rangers EV=4.0 stake=0.0% | RL: Arizona Diamondbacks EV=-10.1 stake=0.0% | Total: Over EV=3.3 stake=0.0% | Mejor: Ninguno
2026-09-12 11:54:38 | DEBUG    | value.analizar_valor                | Athletics vs Seattle Mariners | Proy: 4.22-5.35 | ML: Athletics EV=-6.9 stake=0.0% | RL: Athletics EV=1.0 stake=0.0% | Total: Sin ventaja clara EV=0.0 stake=0.0% | Mejor: Ninguno
2026-09-12 11:54:38 | INFO     | main.main                           | Analizando movimiento de línea...
2026-09-12 11:54:38 | DEBUG    | line_movement.analizar_movimiento   | Sin suficientes snapshots para detectar movimiento (necesita >= 2).
2026-09-12 11:54:38 | INFO     | risk_management.aplicar_gestion_rie | Gestion de riesgo: 2 pick(s) activos | exposicion diaria 2%
2026-09-12 11:54:38 | INFO     | main.main                           | Actualizando resultados de picks anteriores...
2026-09-12 11:54:39 | INFO     | main.main                           | ROI | Resueltos: 173 | Wins: 86 | ROI: -2.23% | Ganancia: -38.8 | Bankroll: 961.2 | Pendientes: 2
2026-09-12 11:54:39 | INFO     | main.main                           | CSV exportado → output/predicciones_2026-09-12.csv
2026-09-12 11:54:39 | INFO     | main.main                           | =======================================================
2026-09-12 11:54:39 | INFO     | main.main                           | PICKS DEL DÍA
2026-09-12 11:54:39 | INFO     | main.main                           | =======================================================
2026-09-12 11:54:39 | DEBUG    | main.main                           | Detroit Tigers vs Colorado Rockies
2026-09-12 11:54:39 | DEBUG    | main.main                           |   Pitchers : Tanner Gordon vs Andrew Sears
2026-09-12 11:54:39 | DEBUG    | main.main                           |   Proy     : 4.83 - 3.74
2026-09-12 11:54:39 | DEBUG    | main.main                           |   ML pick  : Detroit Tigers (EV 76.9)
2026-09-12 11:54:39 | DEBUG    | main.main                           |   RL pick  : Detroit Tigers (EV -4.3)
2026-09-12 11:54:39 | DEBUG    | main.main                           |   Total    : Sin ventaja clara 8.5
2026-09-12 11:54:39 | DEBUG    | main.main                           |   ✔ Ninguno
2026-09-12 11:54:39 | DEBUG    | main.main                           | New York Yankees vs New York Mets
2026-09-12 11:54:39 | DEBUG    | main.main                           |   Pitchers : Zac Thornton vs Gerrit Cole
2026-09-12 11:54:39 | DEBUG    | main.main                           |   Proy     : 4.47 - 4.23
2026-09-12 11:54:39 | DEBUG    | main.main                           |   ML pick  : New York Yankees (EV 6.7)
2026-09-12 11:54:39 | DEBUG    | main.main                           |   RL pick  : New York Yankees (EV -8.2)
2026-09-12 11:54:39 | DEBUG    | main.main                           |   Total    : Sin ventaja clara 8.5
2026-09-12 11:54:39 | DEBUG    | main.main                           |   ✔ Ninguno
2026-09-12 11:54:39 | DEBUG    | main.main                           | Chicago Cubs vs Pittsburgh Pirates
2026-09-12 11:54:39 | DEBUG    | main.main                           |   Pitchers : Paul Skenes vs Clay Holmes
2026-09-12 11:54:39 | DEBUG    | main.main                           |   Proy     : 4.51 - 4.74
2026-09-12 11:54:39 | DEBUG    | main.main                           |   ML pick  : Pittsburgh Pirates (EV 3.1)
2026-09-12 11:54:39 | DEBUG    | main.main                           |   RL pick  : Pittsburgh Pirates (EV 13.9)
2026-09-12 11:54:39 | DEBUG    | main.main                           |   Total    : Sin ventaja clara 9.5
2026-09-12 11:54:39 | DEBUG    | main.main                           |   ✔ Ninguno
2026-09-12 11:54:39 | DEBUG    | main.main                           | Toronto Blue Jays vs Baltimore Orioles
2026-09-12 11:54:39 | DEBUG    | main.main                           |   Pitchers : Kyle Bradish vs Spencer Miles
2026-09-12 11:54:39 | DEBUG    | main.main                           |   Proy     : 4.49 - 4.48
2026-09-12 11:54:39 | DEBUG    | main.main                           |   ML pick  : Baltimore Orioles (EV 2.6)
2026-09-12 11:54:39 | DEBUG    | main.main                           |   RL pick  : Toronto Blue Jays (EV -7.8)
2026-09-12 11:54:39 | DEBUG    | main.main                           |   Total    : Sin ventaja clara 8.5
2026-09-12 11:54:39 | DEBUG    | main.main                           |   ✔ Ninguno
2026-09-12 11:54:39 | DEBUG    | main.main                           | Washington Nationals vs Los Angeles Angels
2026-09-12 11:54:39 | DEBUG    | main.main                           |   Pitchers : Walbert Ureña vs Andrew Alvarez
2026-09-12 11:54:39 | DEBUG    | main.main                           |   Proy     : 3.90 - 4.53
2026-09-12 11:54:39 | DEBUG    | main.main                           |   ML pick  : Los Angeles Angels (EV 9.6)
2026-09-12 11:54:39 | DEBUG    | main.main                           |   RL pick  : Los Angeles Angels (EV 20.5)
2026-09-12 11:54:39 | DEBUG    | main.main                           |   Total    : Sin ventaja clara 8.0
2026-09-12 11:54:39 | DEBUG    | main.main                           |   ✔ Ninguno
2026-09-12 11:54:39 | DEBUG    | main.main                           | San Francisco Giants vs San Diego Padres
2026-09-12 11:54:39 | DEBUG    | main.main                           |   Pitchers : Michael King vs Cesar Perdomo
2026-09-12 11:54:39 | DEBUG    | main.main                           |   Proy     : 3.12 - 2.91
2026-09-12 11:54:39 | DEBUG    | main.main                           |   ML pick  : San Francisco Giants (EV 14.1)
2026-09-12 11:54:39 | DEBUG    | main.main                           |   RL pick  : San Francisco Giants (EV 7.7)
2026-09-12 11:54:39 | DEBUG    | main.main                           |   Total    : Under 7.5
2026-09-12 11:54:39 | DEBUG    | main.main                           |   ✔ Ninguno
2026-09-12 11:54:39 | INFO     | main.main                           | Boston Red Sox vs Kansas City Royals
2026-09-12 11:54:39 | DEBUG    | main.main                           |   Pitchers : Randy Dobnak vs Ranger Suarez
2026-09-12 11:54:39 | DEBUG    | main.main                           |   Proy     : 4.91 - 4.30
2026-09-12 11:54:39 | DEBUG    | main.main                           |   ML pick  : Kansas City Royals (EV 5.1)
2026-09-12 11:54:39 | DEBUG    | main.main                           |   RL pick  : Kansas City Royals (EV 5.7)
2026-09-12 11:54:39 | DEBUG    | main.main                           |   Total    : Sin ventaja clara 8.5
2026-09-12 11:54:39 | INFO     | main.main                           |   ✔ RL: Kansas City Royals | Stake: 1%
2026-09-12 11:54:39 | DEBUG    | main.main                           | Minnesota Twins vs Cleveland Guardians
2026-09-12 11:54:39 | DEBUG    | main.main                           |   Pitchers : Daniel Espino vs Connor Prielipp
2026-09-12 11:54:39 | DEBUG    | main.main                           |   Proy     : 3.55 - 5.48
2026-09-12 11:54:39 | DEBUG    | main.main                           |   ML pick  : Cleveland Guardians (EV 14.3)
2026-09-12 11:54:39 | DEBUG    | main.main                           |   RL pick  : Cleveland Guardians (EV 36.1)
2026-09-12 11:54:39 | DEBUG    | main.main                           |   Total    : Sin ventaja clara 8.5
2026-09-12 11:54:39 | DEBUG    | main.main                           |   ✔ Ninguno
2026-09-12 11:54:39 | DEBUG    | main.main                           | Miami Marlins vs Los Angeles Dodgers
2026-09-12 11:54:39 | DEBUG    | main.main                           |   Pitchers : Tyler Glasnow vs Tyler Phillips
2026-09-12 11:54:39 | DEBUG    | main.main                           |   Proy     : 3.82 - 3.96
2026-09-12 11:54:39 | DEBUG    | main.main                           |   ML pick  : Miami Marlins (EV 6.1)
2026-09-12 11:54:39 | DEBUG    | main.main                           |   RL pick  : Miami Marlins (EV 7.2)
2026-09-12 11:54:39 | DEBUG    | main.main                           |   Total    : Sin ventaja clara 8.0
2026-09-12 11:54:39 | DEBUG    | main.main                           |   ✔ Ninguno
2026-09-12 11:54:39 | DEBUG    | main.main                           | Tampa Bay Rays vs Houston Astros
2026-09-12 11:54:39 | DEBUG    | main.main                           |   Pitchers : Peter Lambert vs Ian Seymour
2026-09-12 11:54:39 | DEBUG    | main.main                           |   Proy     : 4.09 - 4.21
2026-09-12 11:54:39 | DEBUG    | main.main                           |   ML pick  : Houston Astros (EV 5.8)
2026-09-12 11:54:39 | DEBUG    | main.main                           |   RL pick  : Houston Astros (EV -8.2)
2026-09-12 11:54:39 | DEBUG    | main.main                           |   Total    : Sin ventaja clara 7.5
2026-09-12 11:54:39 | DEBUG    | main.main                           |   ✔ Ninguno
2026-09-12 11:54:39 | INFO     | main.main                           | St. Louis Cardinals vs Chicago White Sox
2026-09-12 11:54:39 | DEBUG    | main.main                           |   Pitchers : Sean Newcomb vs Kyle Leahy
2026-09-12 11:54:39 | DEBUG    | main.main                           |   Proy     : 3.50 - 4.36
2026-09-12 11:54:39 | DEBUG    | main.main                           |   ML pick  : Chicago White Sox (EV 7.9)
2026-09-12 11:54:39 | DEBUG    | main.main                           |   RL pick  : Chicago White Sox (EV 25.3)
2026-09-12 11:54:39 | DEBUG    | main.main                           |   Total    : Sin ventaja clara 8.5
2026-09-12 11:54:39 | INFO     | main.main                           |   ✔ ML: Chicago White Sox | Stake: 1%
2026-09-12 11:54:39 | DEBUG    | main.main                           | Arizona Diamondbacks vs Texas Rangers
2026-09-12 11:54:39 | DEBUG    | main.main                           |   Pitchers : Kumar Rocker vs Brandon Pfaadt
2026-09-12 11:54:39 | DEBUG    | main.main                           |   Proy     : 4.49 - 4.71
2026-09-12 11:54:39 | DEBUG    | main.main                           |   ML pick  : Texas Rangers (EV 4.0)
2026-09-12 11:54:39 | DEBUG    | main.main                           |   RL pick  : Arizona Diamondbacks (EV -10.1)
2026-09-12 11:54:39 | DEBUG    | main.main                           |   Total    : Over 8.0
2026-09-12 11:54:39 | DEBUG    | main.main                           |   ✔ Ninguno
2026-09-12 11:54:39 | DEBUG    | main.main                           | Athletics vs Seattle Mariners
2026-09-12 11:54:39 | DEBUG    | main.main                           |   Pitchers : Bryan Woo vs Gage Jump
2026-09-12 11:54:39 | DEBUG    | main.main                           |   Proy     : 4.22 - 5.35
2026-09-12 11:54:39 | DEBUG    | main.main                           |   ML pick  : Athletics (EV -6.9)
2026-09-12 11:54:39 | DEBUG    | main.main                           |   RL pick  : Athletics (EV 1.0)
2026-09-12 11:54:39 | DEBUG    | main.main                           |   Total    : Sin ventaja clara 9.5
2026-09-12 11:54:39 | DEBUG    | main.main                           |   ✔ Ninguno
2026-09-12 11:54:39 | INFO     | main.main                           | Enviando picks a Telegram...
2026-09-12 11:54:52 | INFO     | main.main                           | Telegram: picks enviados correctamente.
2026-09-12 11:54:52 | INFO     | main.main                           | Pipeline completado.
