2026-06-03 16:30:15 | INFO     | logger.configurar                   | Logger iniciado → logs\mlb_2026-06-03.log
2026-06-03 16:30:17 | INFO     | main.main                           | =======================================================
2026-06-03 16:30:17 | INFO     | main.main                           | Iniciando análisis de predicciones MLB
2026-06-03 16:30:17 | INFO     | main.main                           | =======================================================
2026-06-03 16:30:17 | INFO     | main.main                           | Cargando stats avanzadas (FIP, wRC+)...
2026-06-03 16:30:17 | INFO     | statcast.cargar_statcast            | Calculando FIP y stats avanzadas via MLB API (2026)...
2026-06-03 16:30:58 | INFO     | statcast.cargar_statcast            | 30 equipos cargados con stats avanzadas.
2026-06-03 16:30:58 | INFO     | main.main                           | Analizando pitchers del día...
2026-06-03 16:30:59 | DEBUG    | pitching.get_pitcher_stats          | Andrew Alvarez: ERA temp=3.54 | ERA últ.1 sal.=2.143 | ERA efectiva=2.981
2026-06-03 16:31:00 | DEBUG    | pitching.get_pitcher_stats          | Max Meyer: ERA temp=2.81 | ERA últ.3 sal.=2.7 | ERA efectiva=2.766
2026-06-03 16:31:02 | DEBUG    | bullpen.obtener_bullpen             | Bullpen Washington Nationals: ERA=5.903 WHIP=1.575 IP=504.2 (19 relievers)
2026-06-03 16:31:02 | DEBUG    | bullpen.obtener_bullpen             | Bullpen Miami Marlins: ERA=4.207 WHIP=1.328 IP=626.7 (17 relievers)
2026-06-03 16:31:04 | DEBUG    | pitching.get_pitcher_stats          | Nick Martinez: ERA temp=2.29 | ERA últ.3 sal.=4.765 | ERA efectiva=3.28
2026-06-03 16:31:05 | DEBUG    | pitching.get_pitcher_stats          | Troy Melton: ERA temp=1.74 | ERA últ.3 sal.=1.782 | ERA efectiva=1.757
2026-06-03 16:31:06 | DEBUG    | bullpen.obtener_bullpen             | Bullpen Tampa Bay Rays: ERA=3.618 WHIP=1.215 IP=577.9 (18 relievers)
2026-06-03 16:31:07 | DEBUG    | bullpen.obtener_bullpen             | Bullpen Detroit Tigers: ERA=3.701 WHIP=1.254 IP=569.7 (18 relievers)
2026-06-03 16:31:08 | DEBUG    | pitching.get_pitcher_stats          | Taj Bradley: ERA temp=3.56 | ERA últ.3 sal.=6.136 | ERA efectiva=4.59
2026-06-03 16:31:10 | DEBUG    | pitching.get_pitcher_stats          | Erick Fedde: ERA temp=4.94 | ERA últ.3 sal.=4.154 | ERA efectiva=4.626
2026-06-03 16:31:12 | DEBUG    | bullpen.obtener_bullpen             | Bullpen Minnesota Twins: ERA=4.658 WHIP=1.407 IP=550.9 (21 relievers)
2026-06-03 16:31:13 | DEBUG    | bullpen.obtener_bullpen             | Bullpen Chicago White Sox: ERA=4.272 WHIP=1.411 IP=627.5 (17 relievers)
2026-06-03 16:31:15 | DEBUG    | pitching.get_pitcher_stats          | George Kirby: ERA temp=4.04 | ERA últ.3 sal.=6.556 | ERA efectiva=5.046
2026-06-03 16:31:17 | DEBUG    | pitching.get_pitcher_stats          | Freddy Peralta: ERA temp=3.38 | ERA últ.3 sal.=3.663 | ERA efectiva=3.493
2026-06-03 16:31:18 | DEBUG    | bullpen.obtener_bullpen             | Bullpen Seattle Mariners: ERA=3.701 WHIP=1.255 IP=551.5 (18 relievers)
2026-06-03 16:31:20 | DEBUG    | bullpen.obtener_bullpen             | Bullpen New York Mets: ERA=3.55 WHIP=1.232 IP=591.1 (23 relievers)
2026-06-03 16:31:21 | DEBUG    | pitching.get_pitcher_stats          | Cristopher Sánchez: ERA temp=1.47 | ERA últ.3 sal.=0.0 | ERA efectiva=1.082
2026-06-03 16:31:24 | DEBUG    | pitching.get_pitcher_stats          | Walker Buehler: ERA temp=4.88 | ERA últ.3 sal.=4.172 | ERA efectiva=4.597
2026-06-03 16:31:25 | DEBUG    | bullpen.obtener_bullpen             | Bullpen Philadelphia Phillies: ERA=4.234 WHIP=1.312 IP=478.5 (16 relievers)
2026-06-03 16:31:25 | DEBUG    | bullpen.obtener_bullpen             | Bullpen San Diego Padres: ERA=2.994 WHIP=1.159 IP=577.5 (14 relievers)
2026-06-03 16:31:27 | DEBUG    | pitching.get_pitcher_stats          | Payton Tolle: ERA temp=2.61 | ERA últ.3 sal.=3.462 | ERA efectiva=2.951
2026-06-03 16:31:28 | DEBUG    | pitching.get_pitcher_stats          | Chris Bassitt: ERA temp=5.06 | ERA últ.3 sal.=5.4 | ERA efectiva=5.196
2026-06-03 16:31:29 | DEBUG    | bullpen.obtener_bullpen             | Bullpen Boston Red Sox: ERA=3.247 WHIP=1.208 IP=529.2 (17 relievers)
2026-06-03 16:31:32 | DEBUG    | bullpen.obtener_bullpen             | Bullpen Baltimore Orioles: ERA=4.257 WHIP=1.395 IP=560.5 (22 relievers)
2026-06-03 16:31:33 | DEBUG    | pitching.get_pitcher_stats          | Gerrit Cole: ERA temp=0.0 | ERA últ.2 sal.=0.0 | ERA efectiva=0.5
2026-06-03 16:31:36 | DEBUG    | pitching.get_pitcher_stats          | Gavin Williams: ERA temp=3.07 | ERA últ.3 sal.=1.286 | ERA efectiva=2.356
2026-06-03 16:31:37 | DEBUG    | bullpen.obtener_bullpen             | Bullpen New York Yankees: ERA=3.943 WHIP=1.255 IP=516.5 (16 relievers)
2026-06-03 16:31:38 | DEBUG    | bullpen.obtener_bullpen             | Bullpen Cleveland Guardians: ERA=3.314 WHIP=1.208 IP=518.7 (13 relievers)
2026-06-03 16:31:40 | DEBUG    | pitching.get_pitcher_stats          | Chase Burns: ERA temp=1.96 | ERA últ.3 sal.=1.579 | ERA efectiva=1.808
2026-06-03 16:31:44 | DEBUG    | pitching.get_pitcher_stats          | Stephen Kolek: ERA temp=3.48 | ERA últ.3 sal.=1.791 | ERA efectiva=2.804
2026-06-03 16:31:45 | DEBUG    | bullpen.obtener_bullpen             | Bullpen Cincinnati Reds: ERA=3.917 WHIP=1.299 IP=530.5 (15 relievers)
2026-06-03 16:31:48 | DEBUG    | bullpen.obtener_bullpen             | Bullpen Kansas City Royals: ERA=3.507 WHIP=1.243 IP=553.3 (13 relievers)
2026-06-03 16:31:59 | DEBUG    | pitching.get_pitcher_stats          | Grant Holmes: ERA temp=3.95 | ERA últ.3 sal.=2.961 | ERA efectiva=3.554
2026-06-03 16:32:01 | DEBUG    | pitching.get_pitcher_stats          | Patrick Corbin: ERA temp=3.65 | ERA últ.3 sal.=3.0 | ERA efectiva=3.39
2026-06-03 16:32:04 | DEBUG    | bullpen.obtener_bullpen             | Bullpen Atlanta Braves: ERA=3.986 WHIP=1.229 IP=531.3 (18 relievers)
2026-06-03 16:32:05 | DEBUG    | bullpen.obtener_bullpen             | Bullpen Toronto Blue Jays: ERA=3.963 WHIP=1.273 IP=535.7 (18 relievers)
2026-06-03 16:32:06 | DEBUG    | pitching.get_pitcher_stats          | Robert Gasser: ERA temp=6.48 | ERA últ.2 sal.=6.667 | ERA efectiva=6.555
2026-06-03 16:32:08 | DEBUG    | pitching.get_pitcher_stats          | Logan Webb: ERA temp=4.82 | ERA últ.3 sal.=4.768 | ERA efectiva=4.799
2026-06-03 16:32:10 | DEBUG    | bullpen.obtener_bullpen             | Bullpen Milwaukee Brewers: ERA=3.492 WHIP=1.256 IP=633.5 (20 relievers)
2026-06-03 16:32:10 | DEBUG    | bullpen.obtener_bullpen             | Bullpen San Francisco Giants: ERA=3.658 WHIP=1.235 IP=519.1 (15 relievers)
2026-06-03 16:32:12 | DEBUG    | pitching.get_pitcher_stats          | Andre Pallante: ERA temp=4.19 | ERA últ.3 sal.=3.553 | ERA efectiva=3.935
2026-06-03 16:32:24 | DEBUG    | pitching.get_pitcher_stats          | MacKenzie Gore: ERA temp=3.96 | ERA últ.3 sal.=2.061 | ERA efectiva=3.2
2026-06-03 16:32:27 | DEBUG    | bullpen.obtener_bullpen             | Bullpen St. Louis Cardinals: ERA=3.785 WHIP=1.305 IP=537.7 (13 relievers)
2026-06-03 16:32:28 | DEBUG    | bullpen.obtener_bullpen             | Bullpen Texas Rangers: ERA=3.466 WHIP=1.189 IP=571.9 (14 relievers)
2026-06-03 16:32:29 | DEBUG    | pitching.get_pitcher_stats          | Colin Rea: ERA temp=4.7 | ERA últ.3 sal.=4.969 | ERA efectiva=4.808
2026-06-03 16:32:32 | DEBUG    | pitching.get_pitcher_stats          | Jeffrey Springs: ERA temp=4.07 | ERA últ.3 sal.=3.684 | ERA efectiva=3.916
2026-06-03 16:32:33 | DEBUG    | bullpen.obtener_bullpen             | Bullpen Chicago Cubs: ERA=3.81 WHIP=1.218 IP=518.2 (20 relievers)
2026-06-03 16:32:34 | DEBUG    | bullpen.obtener_bullpen             | Bullpen Athletics: ERA=4.487 WHIP=1.423 IP=523.5 (18 relievers)
2026-06-03 16:32:35 | DEBUG    | pitching.get_pitcher_stats          | Spencer Arrighetti: ERA temp=1.34 | ERA últ.3 sal.=0.497 | ERA efectiva=1.004
2026-06-03 16:32:37 | DEBUG    | pitching.get_pitcher_stats          | Paul Skenes: ERA temp=2.89 | ERA últ.3 sal.=5.96 | ERA efectiva=4.118
2026-06-03 16:32:38 | DEBUG    | bullpen.obtener_bullpen             | Bullpen Houston Astros: ERA=3.463 WHIP=1.17 IP=528.9 (17 relievers)
2026-06-03 16:32:39 | DEBUG    | bullpen.obtener_bullpen             | Bullpen Pittsburgh Pirates: ERA=3.906 WHIP=1.228 IP=436.9 (16 relievers)
2026-06-03 16:32:40 | DEBUG    | pitching.get_pitcher_stats          | Walbert Ureña: ERA temp=2.44 | ERA últ.3 sal.=1.059 | ERA efectiva=1.888
2026-06-03 16:32:42 | DEBUG    | pitching.get_pitcher_stats          | Michael Lorenzen: ERA temp=7.22 | ERA últ.3 sal.=10.161 | ERA efectiva=8.396
2026-06-03 16:32:43 | DEBUG    | bullpen.obtener_bullpen             | Bullpen Los Angeles Angels: ERA=4.53 WHIP=1.367 IP=558.0 (22 relievers)
2026-06-03 16:32:44 | DEBUG    | bullpen.obtener_bullpen             | Bullpen Colorado Rockies: ERA=5.108 WHIP=1.482 IP=597.2 (16 relievers)
2026-06-03 16:32:45 | DEBUG    | pitching.get_pitcher_stats          | Zac Gallen: ERA temp=5.16 | ERA últ.3 sal.=5.59 | ERA efectiva=5.332
2026-06-03 16:32:47 | DEBUG    | pitching.get_pitcher_stats          | Shohei Ohtani: ERA temp=0.82 | ERA últ.3 sal.=0.5 | ERA efectiva=0.692
2026-06-03 16:32:59 | DEBUG    | bullpen.obtener_bullpen             | Bullpen Arizona Diamondbacks: ERA=4.99 WHIP=1.433 IP=431.4 (22 relievers)
2026-06-03 16:33:00 | DEBUG    | bullpen.obtener_bullpen             | Bullpen Los Angeles Dodgers: ERA=4.244 WHIP=1.32 IP=625.8 (19 relievers)
2026-06-03 16:33:00 | INFO     | pitching.analizar_pitchers          | Pitchers analizados: 15 partidos.
2026-06-03 16:33:00 | INFO     | main.main                           | Partidos válidos: 15 / 15
2026-06-03 16:33:00 | INFO     | main.main                           | Analizando ofensiva...
2026-06-03 16:33:02 | DEBUG    | offense.obtener_stats_ofensivas     | Offense Washington Nationals vsRHP: OPS pond.=0.79 (5/5 con split)
2026-06-03 16:33:06 | DEBUG    | offense.obtener_stats_ofensivas     | Offense Miami Marlins vsLHP: OPS pond.=0.792 (5/5 con split)
2026-06-03 16:33:06 | DEBUG    | offense.analizar_ofensiva           | OFFENSE Washington Nationals (vsRHP OPS=0.79 R/10=4.5 n_runs=0) | Miami Marlins (vsLHP OPS=0.792 R/10=4.5 n_runs=0)
2026-06-03 16:33:08 | DEBUG    | offense.obtener_stats_ofensivas     | Offense Tampa Bay Rays vsRHP: OPS pond.=0.797 (5/5 con split)
2026-06-03 16:33:11 | DEBUG    | offense.obtener_stats_ofensivas     | Offense Detroit Tigers vsRHP: OPS pond.=0.801 (5/5 con split)
2026-06-03 16:33:11 | DEBUG    | offense.analizar_ofensiva           | OFFENSE Tampa Bay Rays (vsRHP OPS=0.797 R/10=4.5 n_runs=0) | Detroit Tigers (vsRHP OPS=0.801 R/10=4.5 n_runs=0)
2026-06-03 16:33:13 | DEBUG    | offense.obtener_stats_ofensivas     | Offense Minnesota Twins vsRHP: OPS pond.=0.711 (5/5 con split)
2026-06-03 16:33:16 | DEBUG    | offense.obtener_stats_ofensivas     | Offense Chicago White Sox vsRHP: OPS pond.=0.78 (5/5 con split)
2026-06-03 16:33:16 | DEBUG    | offense.analizar_ofensiva           | OFFENSE Minnesota Twins (vsRHP OPS=0.711 R/10=4.5 n_runs=0) | Chicago White Sox (vsRHP OPS=0.78 R/10=4.5 n_runs=0)
2026-06-03 16:33:18 | DEBUG    | offense.obtener_stats_ofensivas     | Offense Seattle Mariners vsRHP: OPS pond.=0.748 (5/5 con split)
2026-06-03 16:33:22 | DEBUG    | offense.obtener_stats_ofensivas     | Offense New York Mets vsRHP: OPS pond.=0.594 (5/5 con split)
2026-06-03 16:33:22 | DEBUG    | offense.analizar_ofensiva           | OFFENSE Seattle Mariners (vsRHP OPS=0.748 R/10=4.5 n_runs=0) | New York Mets (vsRHP OPS=0.594 R/10=4.5 n_runs=0)
2026-06-03 16:33:25 | DEBUG    | offense.obtener_stats_ofensivas     | Offense Philadelphia Phillies vsRHP: OPS pond.=0.733 (5/5 con split)
2026-06-03 16:33:27 | DEBUG    | offense.obtener_stats_ofensivas     | Offense San Diego Padres vsLHP: OPS pond.=0.738 (5/5 con split)
2026-06-03 16:33:27 | DEBUG    | offense.analizar_ofensiva           | OFFENSE Philadelphia Phillies (vsRHP OPS=0.733 R/10=4.5 n_runs=0) | San Diego Padres (vsLHP OPS=0.738 R/10=4.5 n_runs=0)
2026-06-03 16:33:31 | DEBUG    | offense.obtener_stats_ofensivas     | Offense Boston Red Sox vsRHP: OPS pond.=0.697 (5/5 con split)
2026-06-03 16:33:36 | DEBUG    | offense.obtener_stats_ofensivas     | Offense Baltimore Orioles vsLHP: OPS pond.=0.724 (5/5 con split)
2026-06-03 16:33:36 | DEBUG    | offense.analizar_ofensiva           | OFFENSE Boston Red Sox (vsRHP OPS=0.697 R/10=4.5 n_runs=0) | Baltimore Orioles (vsLHP OPS=0.724 R/10=4.5 n_runs=0)
2026-06-03 16:33:38 | DEBUG    | offense.obtener_stats_ofensivas     | Offense New York Yankees vsRHP: OPS pond.=0.847 (5/5 con split)
2026-06-03 16:33:42 | DEBUG    | offense.obtener_stats_ofensivas     | Offense Cleveland Guardians vsRHP: OPS pond.=0.693 (5/5 con split)
2026-06-03 16:33:42 | DEBUG    | offense.analizar_ofensiva           | OFFENSE New York Yankees (vsRHP OPS=0.847 R/10=4.5 n_runs=0) | Cleveland Guardians (vsRHP OPS=0.693 R/10=4.5 n_runs=0)
2026-06-03 16:33:44 | DEBUG    | offense.obtener_stats_ofensivas     | Offense Cincinnati Reds vsRHP: OPS pond.=0.693 (5/5 con split)
2026-06-03 16:33:48 | DEBUG    | offense.obtener_stats_ofensivas     | Offense Kansas City Royals vsRHP: OPS pond.=0.689 (5/5 con split)
2026-06-03 16:33:48 | DEBUG    | offense.analizar_ofensiva           | OFFENSE Cincinnati Reds (vsRHP OPS=0.693 R/10=4.5 n_runs=0) | Kansas City Royals (vsRHP OPS=0.689 R/10=4.5 n_runs=0)
2026-06-03 16:33:54 | DEBUG    | offense.obtener_stats_ofensivas     | Offense Atlanta Braves vsLHP: OPS pond.=0.731 (5/5 con split)
2026-06-03 16:33:58 | DEBUG    | offense.obtener_stats_ofensivas     | Offense Toronto Blue Jays vsRHP: OPS pond.=0.728 (5/5 con split)
2026-06-03 16:33:58 | DEBUG    | offense.analizar_ofensiva           | OFFENSE Atlanta Braves (vsLHP OPS=0.731 R/10=4.5 n_runs=0) | Toronto Blue Jays (vsRHP OPS=0.728 R/10=4.5 n_runs=0)
2026-06-03 16:34:00 | DEBUG    | offense.obtener_stats_ofensivas     | Offense Milwaukee Brewers vsRHP: OPS pond.=0.821 (5/5 con split)
2026-06-03 16:34:05 | DEBUG    | offense.obtener_stats_ofensivas     | Offense San Francisco Giants vsLHP: OPS pond.=0.734 (5/5 con split)
2026-06-03 16:34:05 | DEBUG    | offense.analizar_ofensiva           | OFFENSE Milwaukee Brewers (vsRHP OPS=0.821 R/10=4.5 n_runs=0) | San Francisco Giants (vsLHP OPS=0.734 R/10=4.5 n_runs=0)
2026-06-03 16:34:08 | DEBUG    | offense.obtener_stats_ofensivas     | Offense St. Louis Cardinals vsLHP: OPS pond.=0.741 (5/5 con split)
2026-06-03 16:34:10 | DEBUG    | offense.obtener_stats_ofensivas     | Offense Texas Rangers vsRHP: OPS pond.=0.763 (5/5 con split)
2026-06-03 16:34:10 | DEBUG    | offense.analizar_ofensiva           | OFFENSE St. Louis Cardinals (vsLHP OPS=0.741 R/10=4.5 n_runs=0) | Texas Rangers (vsRHP OPS=0.763 R/10=4.5 n_runs=0)
2026-06-03 16:34:13 | DEBUG    | offense.obtener_stats_ofensivas     | Offense Chicago Cubs vsLHP: OPS pond.=0.68 (5/5 con split)
2026-06-03 16:34:15 | DEBUG    | offense.obtener_stats_ofensivas     | Offense Athletics vsRHP: OPS pond.=0.824 (5/5 con split)
2026-06-03 16:34:15 | DEBUG    | offense.analizar_ofensiva           | OFFENSE Chicago Cubs (vsLHP OPS=0.68 R/10=4.5 n_runs=0) | Athletics (vsRHP OPS=0.824 R/10=4.5 n_runs=0)
2026-06-03 16:34:16 | DEBUG    | offense.obtener_stats_ofensivas     | Offense Houston Astros vsRHP: OPS pond.=0.801 (5/5 con split)
2026-06-03 16:34:19 | DEBUG    | offense.obtener_stats_ofensivas     | Offense Pittsburgh Pirates vsRHP: OPS pond.=0.838 (5/5 con split)
2026-06-03 16:34:19 | DEBUG    | offense.analizar_ofensiva           | OFFENSE Houston Astros (vsRHP OPS=0.801 R/10=4.5 n_runs=0) | Pittsburgh Pirates (vsRHP OPS=0.838 R/10=4.5 n_runs=0)
2026-06-03 16:34:21 | DEBUG    | offense.obtener_stats_ofensivas     | Offense Los Angeles Angels vsRHP: OPS pond.=0.743 (5/5 con split)
2026-06-03 16:34:23 | DEBUG    | offense.obtener_stats_ofensivas     | Offense Colorado Rockies vsRHP: OPS pond.=0.771 (5/5 con split)
2026-06-03 16:34:23 | DEBUG    | offense.analizar_ofensiva           | OFFENSE Los Angeles Angels (vsRHP OPS=0.743 R/10=4.5 n_runs=0) | Colorado Rockies (vsRHP OPS=0.771 R/10=4.5 n_runs=0)
2026-06-03 16:34:26 | DEBUG    | offense.obtener_stats_ofensivas     | Offense Arizona Diamondbacks vsRHP: OPS pond.=0.746 (5/5 con split)
2026-06-03 16:34:28 | DEBUG    | offense.obtener_stats_ofensivas     | Offense Los Angeles Dodgers vsRHP: OPS pond.=0.845 (5/5 con split)
2026-06-03 16:34:28 | DEBUG    | offense.analizar_ofensiva           | OFFENSE Arizona Diamondbacks (vsRHP OPS=0.746 R/10=4.5 n_runs=0) | Los Angeles Dodgers (vsRHP OPS=0.845 R/10=4.5 n_runs=0)
2026-06-03 16:34:28 | INFO     | main.main                           | Analizando defensiva...
2026-06-03 16:34:44 | INFO     | main.main                           | Analizando historial H2H...
2026-06-03 16:35:10 | INFO     | main.main                           | Analizando contexto ambiental...
2026-06-03 16:35:10 | DEBUG    | context.analizar_contexto           | Analizando contexto ambiental...
2026-06-03 16:35:14 | DEBUG    | context.analizar_contexto           | Contexto Washington Nationals vs Miami Marlins: {'temperatura': 27.8, 'viento_kph': 8.9, 'condiciones': 'Despejado', 'fuente': 'open-meteo-current', 'is_default': False, 'venue_default': False} @ 13h
2026-06-03 16:35:15 | DEBUG    | context.analizar_contexto           | Contexto Tampa Bay Rays vs Detroit Tigers: {'temperatura': 28.4, 'viento_kph': 24.0, 'condiciones': 'Nublado', 'fuente': 'open-meteo-current', 'is_default': False, 'venue_default': False} @ 13h
2026-06-03 16:35:16 | DEBUG    | context.analizar_contexto           | Contexto Minnesota Twins vs Chicago White Sox: {'temperatura': 28.5, 'viento_kph': 17.1, 'condiciones': 'Despejado', 'fuente': 'open-meteo-current', 'is_default': False, 'venue_default': False} @ 12h
2026-06-03 16:35:16 | DEBUG    | context.analizar_contexto           | Contexto Seattle Mariners vs New York Mets: {'temperatura': 20.9, 'viento_kph': 15.5, 'condiciones': 'Parcialmente nublado', 'fuente': 'open-meteo-current', 'is_default': False, 'venue_default': False} @ 12h
2026-06-03 16:35:17 | DEBUG    | context.analizar_contexto           | Contexto Philadelphia Phillies vs San Diego Padres: {'temperatura': 28.1, 'viento_kph': 5.0, 'condiciones': 'Despejado', 'fuente': 'open-meteo-current', 'is_default': False, 'venue_default': False} @ 18h
2026-06-03 16:35:18 | DEBUG    | context.analizar_contexto           | Contexto Boston Red Sox vs Baltimore Orioles: {'temperatura': 25.1, 'viento_kph': 21.2, 'condiciones': 'Despejado', 'fuente': 'open-meteo-current', 'is_default': False, 'venue_default': False} @ 18h
2026-06-03 16:35:19 | DEBUG    | context.analizar_contexto           | Contexto New York Yankees vs Cleveland Guardians: {'temperatura': 24.5, 'viento_kph': 15.8, 'condiciones': 'Despejado', 'fuente': 'open-meteo-current', 'is_default': False, 'venue_default': False} @ 19h
2026-06-03 16:35:20 | DEBUG    | context.analizar_contexto           | Contexto Cincinnati Reds vs Kansas City Royals: {'temperatura': 27.1, 'viento_kph': 2.3, 'condiciones': 'Despejado', 'fuente': 'open-meteo-current', 'is_default': False, 'venue_default': False} @ 19h
2026-06-03 16:35:21 | DEBUG    | context.analizar_contexto           | Contexto Atlanta Braves vs Toronto Blue Jays: {'temperatura': 25.4, 'viento_kph': 13.8, 'condiciones': 'Despejado', 'fuente': 'open-meteo-current', 'is_default': False, 'venue_default': False} @ 19h
2026-06-03 16:35:21 | DEBUG    | context.analizar_contexto           | Contexto Milwaukee Brewers vs San Francisco Giants: {'temperatura': 24.8, 'viento_kph': 17.4, 'condiciones': 'Despejado', 'fuente': 'open-meteo-current', 'is_default': False, 'venue_default': False} @ 18h
2026-06-03 16:35:22 | DEBUG    | context.analizar_contexto           | Contexto St. Louis Cardinals vs Texas Rangers: {'temperatura': 27.7, 'viento_kph': 9.0, 'condiciones': 'Despejado', 'fuente': 'open-meteo-current', 'is_default': False, 'venue_default': False} @ 18h
2026-06-03 16:35:22 | DEBUG    | context.analizar_contexto           | Contexto Chicago Cubs vs Athletics: {'temperatura': 23.7, 'viento_kph': 14.4, 'condiciones': 'Despejado', 'fuente': 'open-meteo-current', 'is_default': False, 'venue_default': False} @ 19h
2026-06-03 16:35:23 | WARNING  | context.analizar_contexto           | Estadio sin coordenadas: Daikin Park. Usando coordenada default.
2026-06-03 16:35:23 | DEBUG    | context.analizar_contexto           | Contexto Houston Astros vs Pittsburgh Pirates: {'temperatura': 30.5, 'viento_kph': 28.7, 'condiciones': 'Nublado', 'fuente': 'open-meteo-current', 'is_default': False, 'venue_default': True} @ 20h
2026-06-03 16:35:33 | DEBUG    | context.analizar_contexto           | Contexto Los Angeles Angels vs Colorado Rockies: {'temperatura': 25.3, 'viento_kph': 14.3, 'condiciones': 'Despejado', 'fuente': 'open-meteo-current', 'is_default': False, 'venue_default': False} @ 18h
2026-06-03 16:35:37 | DEBUG    | context.analizar_contexto           | Contexto Arizona Diamondbacks vs Los Angeles Dodgers: {'temperatura': 40.5, 'viento_kph': 9.0, 'condiciones': 'Despejado', 'fuente': 'open-meteo-current', 'is_default': False, 'venue_default': False} @ 18h
2026-06-03 16:35:37 | INFO     | main.main                           | Proyectando totales...
2026-06-03 16:35:38 | DEBUG    | projections.proyectar_totales       | Washington Nationals vs Miami Marlins | venue=Nationals Park tipo=abierto T_ext=20°C T_ef=20°C adj=+0% PF_base=0.96 PF_final=0.96 | ERA_ef=2.766/2.981 FIP=3.981/4.839 | Proy: 3.765 - 4.485 (total=8.25)
2026-06-03 16:35:38 | DEBUG    | projections.proyectar_totales       | Tampa Bay Rays vs Detroit Tigers | venue=Tropicana Field tipo=abierto T_ext=20°C T_ef=20°C adj=+0% PF_base=0.91 PF_final=0.91 | ERA_ef=1.757/3.28 FIP=3.896/4.316 | Proy: 3.108 - 3.682 (total=6.79)
2026-06-03 16:35:38 | DEBUG    | projections.proyectar_totales       | Minnesota Twins vs Chicago White Sox | venue=Target Field tipo=abierto T_ext=20°C T_ef=20°C adj=+0% PF_base=0.98 PF_final=0.98 | ERA_ef=4.626/4.59 FIP=4.294/4.179 | Proy: 4.587 - 4.777 (total=9.364)
2026-06-03 16:35:38 | DEBUG    | projections.proyectar_totales       | Seattle Mariners vs New York Mets | venue=T-Mobile Park tipo=abierto T_ext=20°C T_ef=20°C adj=+0% PF_base=0.94 PF_final=0.94 | ERA_ef=3.493/5.046 FIP=3.708/3.551 | Proy: 3.64 - 3.827 (total=7.467)
2026-06-03 16:35:38 | DEBUG    | projections.proyectar_totales       | Philadelphia Phillies vs San Diego Padres | venue=Citizens Bank Park tipo=abierto T_ext=20°C T_ef=20°C adj=+0% PF_base=1.01 PF_final=1.01 | ERA_ef=4.597/1.082 FIP=3.905/3.474 | Proy: 4.058 - 2.739 (total=6.797)
2026-06-03 16:35:38 | DEBUG    | projections.proyectar_totales       | Boston Red Sox vs Baltimore Orioles | venue=Fenway Park tipo=abierto T_ext=20°C T_ef=20°C adj=+0% PF_base=1.12 PF_final=1.12 | ERA_ef=5.196/2.951 FIP=4.301/3.998 | Proy: 5.49 - 4.22 (total=9.71)
2026-06-03 16:35:38 | DEBUG    | projections.proyectar_totales       | New York Yankees vs Cleveland Guardians | venue=Yankee Stadium tipo=abierto T_ext=20°C T_ef=20°C adj=+0% PF_base=1.04 PF_final=1.04 | ERA_ef=2.356/0.5 FIP=3.878/3.561 | Proy: 3.825 - 2.995 (total=6.82)
2026-06-03 16:35:38 | DEBUG    | projections.proyectar_totales       | Cincinnati Reds vs Kansas City Royals | venue=Great American Ball Park tipo=abierto T_ext=20°C T_ef=20°C adj=+0% PF_base=1.08 PF_final=1.08 | ERA_ef=2.804/1.808 FIP=4.43/5.155 | Proy: 4.206 - 4.191 (total=8.397)
2026-06-03 16:35:38 | DEBUG    | projections.proyectar_totales       | Atlanta Braves vs Toronto Blue Jays | venue=Truist Park tipo=abierto T_ext=20°C T_ef=20°C adj=+0% PF_base=1.03 PF_final=1.03 | ERA_ef=3.39/3.554 FIP=3.671/3.856 | Proy: 4.187 - 4.057 (total=8.244)
2026-06-03 16:35:38 | DEBUG    | projections.proyectar_totales       | Milwaukee Brewers vs San Francisco Giants | venue=American Family Field tipo=abierto T_ext=20°C T_ef=20°C adj=+0% PF_base=0.96 PF_final=0.96 | ERA_ef=4.799/6.555 FIP=4.282/3.255 | Proy: 4.603 - 4.497 (total=9.1)
2026-06-03 16:35:38 | DEBUG    | projections.proyectar_totales       | St. Louis Cardinals vs Texas Rangers | venue=Busch Stadium tipo=abierto T_ext=20°C T_ef=20°C adj=+0% PF_base=0.97 PF_final=0.97 | ERA_ef=3.2/3.935 FIP=4.092/4.222 | Proy: 3.761 - 4.151 (total=7.912)
2026-06-03 16:35:38 | DEBUG    | projections.proyectar_totales       | Chicago Cubs vs Athletics | venue=Wrigley Field tipo=abierto T_ext=20°C T_ef=20°C adj=+0% PF_base=1.05 PF_final=1.05 | ERA_ef=3.916/4.808 FIP=4.686/4.43 | Proy: 5.067 - 5.13 (total=10.197)
2026-06-03 16:35:38 | DEBUG    | projections.proyectar_totales       | Houston Astros vs Pittsburgh Pirates | venue=Daikin Park tipo=abierto T_ext=20°C T_ef=20°C adj=+0% PF_base=1.0 PF_final=1.0 | ERA_ef=4.118/1.004 FIP=3.768/4.969 | Proy: 4.256 - 3.677 (total=7.933)
2026-06-03 16:35:38 | DEBUG    | projections.proyectar_totales       | Los Angeles Angels vs Colorado Rockies | venue=Angel Stadium tipo=abierto T_ext=20°C T_ef=20°C adj=+0% PF_base=1.0 PF_final=1.0 | ERA_ef=8.396/1.888 FIP=4.699/4.517 | Proy: 6.483 - 3.811 (total=10.294)
2026-06-03 16:35:38 | DEBUG    | projections.proyectar_totales       | Arizona Diamondbacks vs Los Angeles Dodgers | venue=Chase Field tipo=abierto T_ext=20°C T_ef=20°C adj=+0% PF_base=1.02 PF_final=1.02 | ERA_ef=0.692/5.332 FIP=3.559/4.269 | Proy: 2.964 - 5.729 (total=8.693)
2026-06-03 16:35:38 | INFO     | main.main                           | Aplicando simulaciones Poisson...
2026-06-03 16:35:38 | INFO     | main.main                           | Obteniendo cuotas (The Odds API)...
2026-06-03 16:35:43 | DEBUG    | line_movement.guardar_snapshot_diar | Snapshot de líneas guardado: 19 eventos @ 2026-06-03T22:35
2026-06-03 16:35:43 | DEBUG    | markets.analizar_mercados           | Procesando mercados de apuestas...
2026-06-03 16:35:43 | DEBUG    | markets.analizar_mercados           | Sin evento de cuotas para: Washington Nationals vs Miami Marlins
2026-06-03 16:35:43 | DEBUG    | markets.analizar_mercados           | Sin evento de cuotas para: Tampa Bay Rays vs Detroit Tigers
2026-06-03 16:35:43 | DEBUG    | markets.analizar_mercados           | Sin evento de cuotas para: Seattle Mariners vs New York Mets
2026-06-03 16:35:43 | INFO     | main.main                           | Partidos con cuotas disponibles: 12
2026-06-03 16:35:43 | INFO     | main.main                           | Calculando valor esperado y picks...
2026-06-03 16:35:43 | DEBUG    | value.analizar_valor                | Minnesota Twins vs Chicago White Sox | Proy: 4.59-4.78 | ML: Chicago White Sox EV=-2.5 stake=0.0% | RL: Chicago White Sox EV=-9.4 stake=0.0% | Total: Sin ventaja clara EV=0.0 stake=0.0% | Mejor: Ninguno
2026-06-03 16:35:43 | DEBUG    | value.analizar_valor                | Philadelphia Phillies vs San Diego Padres | Proy: 4.06-2.74 | ML: San Diego Padres EV=-7.2 stake=0.0% | RL: San Diego Padres EV=1.0 stake=0.0% | Total: Under EV=11.4 stake=0.0% | Mejor: Ninguno
2026-06-03 16:35:43 | DEBUG    | value.analizar_valor                | Boston Red Sox vs Baltimore Orioles | Proy: 5.49-4.22 | ML: Boston Red Sox EV=-2.6 stake=0.0% | RL: Boston Red Sox EV=2.2 stake=0.0% | Total: Over EV=14.0 stake=0.0% | Mejor: Ninguno
2026-06-03 16:35:43 | DEBUG    | value.analizar_valor                | New York Yankees vs Cleveland Guardians | Proy: 3.83-3.00 | ML: New York Yankees EV=3.8 stake=0.0% | RL: New York Yankees EV=0.3 stake=0.0% | Total: Sin ventaja clara EV=0.0 stake=0.0% | Mejor: Ninguno
2026-06-03 16:35:43 | DEBUG    | value.analizar_valor                | Cincinnati Reds vs Kansas City Royals | Proy: 4.21-4.19 | ML: Kansas City Royals EV=5.0 stake=0.0% | RL: Kansas City Royals EV=-4.8 stake=0.0% | Total: Sin ventaja clara EV=0.0 stake=0.0% | Mejor: Ninguno
2026-06-03 16:35:43 | DEBUG    | value.analizar_valor                | Atlanta Braves vs Toronto Blue Jays | Proy: 4.19-4.06 | ML: Toronto Blue Jays EV=1.5 stake=0.0% | RL: Toronto Blue Jays EV=-8.2 stake=0.0% | Total: Sin ventaja clara EV=0.0 stake=0.0% | Mejor: Ninguno
2026-06-03 16:35:43 | DEBUG    | value.analizar_valor                | Milwaukee Brewers vs San Francisco Giants | Proy: 4.60-4.50 | ML: San Francisco Giants EV=1.4 stake=0.0% | RL: Milwaukee Brewers EV=-7.8 stake=0.0% | Total: Over EV=2.2 stake=0.0% | Mejor: Ninguno
2026-06-03 16:35:43 | DEBUG    | value.analizar_valor                | St. Louis Cardinals vs Texas Rangers | Proy: 3.76-4.15 | ML: Texas Rangers EV=3.6 stake=0.0% | RL: Texas Rangers EV=21.4 stake=0.0% | Total: Sin ventaja clara EV=0.0 stake=0.0% | Mejor: Ninguno
2026-06-03 16:35:43 | DEBUG    | value.analizar_valor                | Chicago Cubs vs Athletics | Proy: 5.07-5.13 | ML: Athletics EV=2.9 stake=0.0% | RL: Chicago Cubs EV=-9.3 stake=0.0% | Total: Over EV=16.6 stake=1.25% | Mejor: TOTAL: Over
2026-06-03 16:35:43 | DEBUG    | value.analizar_valor                | Houston Astros vs Pittsburgh Pirates | Proy: 4.26-3.68 | ML: Houston Astros EV=10.4 stake=0.0% | RL: Houston Astros EV=-0.8 stake=0.0% | Total: Sin ventaja clara EV=0.0 stake=0.0% | Mejor: Ninguno
2026-06-03 16:35:43 | DEBUG    | value.analizar_valor                | Los Angeles Angels vs Colorado Rockies | Proy: 6.48-3.81 | ML: Los Angeles Angels EV=-0.8 stake=0.0% | RL: Los Angeles Angels EV=17.6 stake=0.0% | Total: Over EV=16.6 stake=1.25% | Mejor: TOTAL: Over
2026-06-03 16:35:43 | DEBUG    | value.analizar_valor                | Arizona Diamondbacks vs Los Angeles Dodgers | Proy: 2.96-5.73 | ML: Los Angeles Dodgers EV=-13.0 stake=0.0% | RL: Los Angeles Dodgers EV=4.3 stake=0.0% | Total: Sin ventaja clara EV=0.0 stake=0.0% | Mejor: Ninguno
2026-06-03 16:35:43 | INFO     | main.main                           | Analizando movimiento de línea...
2026-06-03 16:35:43 | DEBUG    | line_movement.analizar_movimiento   | Sin suficientes snapshots para detectar movimiento (necesita >= 2).
2026-06-03 16:35:43 | INFO     | risk_management.aplicar_gestion_rie | Gestion de riesgo: 2 pick(s) activos | exposicion diaria 2.0%
2026-06-03 16:35:43 | INFO     | main.main                           | Actualizando resultados de picks anteriores...
2026-06-03 16:35:43 | INFO     | main.main                           | ROI | Resueltos: 151 | Wins: 75 | ROI: -1.75% | Ganancia: -2.65 u | Pendientes: 2
2026-06-03 16:35:43 | INFO     | main.main                           | CSV exportado → output/predicciones_2026-06-03.csv
2026-06-03 16:35:43 | INFO     | main.main                           | =======================================================
2026-06-03 16:35:43 | INFO     | main.main                           | PICKS DEL DÍA
2026-06-03 16:35:43 | INFO     | main.main                           | =======================================================
2026-06-03 16:35:43 | DEBUG    | main.main                           | Minnesota Twins vs Chicago White Sox
2026-06-03 16:35:43 | DEBUG    | main.main                           |   Pitchers : Erick Fedde vs Taj Bradley
2026-06-03 16:35:43 | DEBUG    | main.main                           |   Proy     : 4.59 - 4.78
2026-06-03 16:35:43 | DEBUG    | main.main                           |   ML pick  : Chicago White Sox (EV -2.5)
2026-06-03 16:35:43 | DEBUG    | main.main                           |   RL pick  : Chicago White Sox (EV -9.4)
2026-06-03 16:35:43 | DEBUG    | main.main                           |   Total    : Sin ventaja clara 9.0
2026-06-03 16:35:43 | DEBUG    | main.main                           |   ✔ Ninguno
2026-06-03 16:35:43 | DEBUG    | main.main                           | Philadelphia Phillies vs San Diego Padres
2026-06-03 16:35:43 | DEBUG    | main.main                           |   Pitchers : Walker Buehler vs Cristopher Sánchez
2026-06-03 16:35:43 | DEBUG    | main.main                           |   Proy     : 4.06 - 2.74
2026-06-03 16:35:43 | DEBUG    | main.main                           |   ML pick  : San Diego Padres (EV -7.2)
2026-06-03 16:35:43 | DEBUG    | main.main                           |   RL pick  : San Diego Padres (EV 1.0)
2026-06-03 16:35:43 | DEBUG    | main.main                           |   Total    : Under 8.0
2026-06-03 16:35:43 | DEBUG    | main.main                           |   ✔ Ninguno
2026-06-03 16:35:43 | DEBUG    | main.main                           | Boston Red Sox vs Baltimore Orioles
2026-06-03 16:35:43 | DEBUG    | main.main                           |   Pitchers : Chris Bassitt vs Payton Tolle
2026-06-03 16:35:43 | DEBUG    | main.main                           |   Proy     : 5.49 - 4.22
2026-06-03 16:35:43 | DEBUG    | main.main                           |   ML pick  : Boston Red Sox (EV -2.6)
2026-06-03 16:35:43 | DEBUG    | main.main                           |   RL pick  : Boston Red Sox (EV 2.2)
2026-06-03 16:35:43 | DEBUG    | main.main                           |   Total    : Over 8.5
2026-06-03 16:35:43 | DEBUG    | main.main                           |   ✔ Ninguno
2026-06-03 16:35:43 | DEBUG    | main.main                           | New York Yankees vs Cleveland Guardians
2026-06-03 16:35:43 | DEBUG    | main.main                           |   Pitchers : Gavin Williams vs Gerrit Cole
2026-06-03 16:35:43 | DEBUG    | main.main                           |   Proy     : 3.83 - 3.00
2026-06-03 16:35:43 | DEBUG    | main.main                           |   ML pick  : New York Yankees (EV 3.8)
2026-06-03 16:35:43 | DEBUG    | main.main                           |   RL pick  : New York Yankees (EV 0.3)
2026-06-03 16:35:43 | DEBUG    | main.main                           |   Total    : Sin ventaja clara 7.5
2026-06-03 16:35:43 | DEBUG    | main.main                           |   ✔ Ninguno
2026-06-03 16:35:43 | DEBUG    | main.main                           | Cincinnati Reds vs Kansas City Royals
2026-06-03 16:35:43 | DEBUG    | main.main                           |   Pitchers : Stephen Kolek vs Chase Burns
2026-06-03 16:35:43 | DEBUG    | main.main                           |   Proy     : 4.21 - 4.19
2026-06-03 16:35:43 | DEBUG    | main.main                           |   ML pick  : Kansas City Royals (EV 5.0)
2026-06-03 16:35:43 | DEBUG    | main.main                           |   RL pick  : Kansas City Royals (EV -4.8)
2026-06-03 16:35:43 | DEBUG    | main.main                           |   Total    : Sin ventaja clara 8.0
2026-06-03 16:35:43 | DEBUG    | main.main                           |   ✔ Ninguno
2026-06-03 16:35:43 | DEBUG    | main.main                           | Atlanta Braves vs Toronto Blue Jays
2026-06-03 16:35:43 | DEBUG    | main.main                           |   Pitchers : Patrick Corbin vs Grant Holmes
2026-06-03 16:35:43 | DEBUG    | main.main                           |   Proy     : 4.19 - 4.06
2026-06-03 16:35:43 | DEBUG    | main.main                           |   ML pick  : Toronto Blue Jays (EV 1.5)
2026-06-03 16:35:43 | DEBUG    | main.main                           |   RL pick  : Toronto Blue Jays (EV -8.2)
2026-06-03 16:35:43 | DEBUG    | main.main                           |   Total    : Sin ventaja clara 8.0
2026-06-03 16:35:43 | DEBUG    | main.main                           |   ✔ Ninguno
2026-06-03 16:35:43 | DEBUG    | main.main                           | Milwaukee Brewers vs San Francisco Giants
2026-06-03 16:35:43 | DEBUG    | main.main                           |   Pitchers : Logan Webb vs Robert Gasser
2026-06-03 16:35:44 | DEBUG    | main.main                           |   Proy     : 4.60 - 4.50
2026-06-03 16:35:44 | DEBUG    | main.main                           |   ML pick  : San Francisco Giants (EV 1.4)
2026-06-03 16:35:44 | DEBUG    | main.main                           |   RL pick  : Milwaukee Brewers (EV -7.8)
2026-06-03 16:35:44 | DEBUG    | main.main                           |   Total    : Over 8.0
2026-06-03 16:35:44 | DEBUG    | main.main                           |   ✔ Ninguno
2026-06-03 16:35:44 | DEBUG    | main.main                           | St. Louis Cardinals vs Texas Rangers
2026-06-03 16:35:44 | DEBUG    | main.main                           |   Pitchers : MacKenzie Gore vs Andre Pallante
2026-06-03 16:35:44 | DEBUG    | main.main                           |   Proy     : 3.76 - 4.15
2026-06-03 16:35:44 | DEBUG    | main.main                           |   ML pick  : Texas Rangers (EV 3.6)
2026-06-03 16:35:44 | DEBUG    | main.main                           |   RL pick  : Texas Rangers (EV 21.4)
2026-06-03 16:35:44 | DEBUG    | main.main                           |   Total    : Sin ventaja clara 8.0
2026-06-03 16:35:44 | DEBUG    | main.main                           |   ✔ Ninguno
2026-06-03 16:35:44 | INFO     | main.main                           | Chicago Cubs vs Athletics
2026-06-03 16:35:44 | DEBUG    | main.main                           |   Pitchers : Jeffrey Springs vs Colin Rea
2026-06-03 16:35:44 | DEBUG    | main.main                           |   Proy     : 5.07 - 5.13
2026-06-03 16:35:44 | DEBUG    | main.main                           |   ML pick  : Athletics (EV 2.9)
2026-06-03 16:35:44 | DEBUG    | main.main                           |   RL pick  : Chicago Cubs (EV -9.3)
2026-06-03 16:35:44 | DEBUG    | main.main                           |   Total    : Over 8.5
2026-06-03 16:35:44 | INFO     | main.main                           |   ✔ TOTAL: Over | Stake: 1.0%
2026-06-03 16:35:44 | DEBUG    | main.main                           | Houston Astros vs Pittsburgh Pirates
2026-06-03 16:35:44 | DEBUG    | main.main                           |   Pitchers : Paul Skenes vs Spencer Arrighetti
2026-06-03 16:35:44 | DEBUG    | main.main                           |   Proy     : 4.26 - 3.68
2026-06-03 16:35:44 | DEBUG    | main.main                           |   ML pick  : Houston Astros (EV 10.4)
2026-06-03 16:35:44 | DEBUG    | main.main                           |   RL pick  : Houston Astros (EV -0.8)
2026-06-03 16:35:44 | DEBUG    | main.main                           |   Total    : Sin ventaja clara 8.0
2026-06-03 16:35:44 | DEBUG    | main.main                           |   ✔ Ninguno
2026-06-03 16:35:44 | INFO     | main.main                           | Los Angeles Angels vs Colorado Rockies
2026-06-03 16:35:44 | DEBUG    | main.main                           |   Pitchers : Michael Lorenzen vs Walbert Ureña
2026-06-03 16:35:44 | DEBUG    | main.main                           |   Proy     : 6.48 - 3.81
2026-06-03 16:35:44 | DEBUG    | main.main                           |   ML pick  : Los Angeles Angels (EV -0.8)
2026-06-03 16:35:44 | DEBUG    | main.main                           |   RL pick  : Los Angeles Angels (EV 17.6)
2026-06-03 16:35:44 | DEBUG    | main.main                           |   Total    : Over 8.5
2026-06-03 16:35:44 | INFO     | main.main                           |   ✔ TOTAL: Over | Stake: 1.0%
2026-06-03 16:35:44 | DEBUG    | main.main                           | Arizona Diamondbacks vs Los Angeles Dodgers
2026-06-03 16:35:44 | DEBUG    | main.main                           |   Pitchers : Shohei Ohtani vs Zac Gallen
2026-06-03 16:35:44 | DEBUG    | main.main                           |   Proy     : 2.96 - 5.73
2026-06-03 16:35:44 | DEBUG    | main.main                           |   ML pick  : Los Angeles Dodgers (EV -13.0)
2026-06-03 16:35:44 | DEBUG    | main.main                           |   RL pick  : Los Angeles Dodgers (EV 4.3)
2026-06-03 16:35:44 | DEBUG    | main.main                           |   Total    : Sin ventaja clara 8.5
2026-06-03 16:35:44 | DEBUG    | main.main                           |   ✔ Ninguno
2026-06-03 16:35:44 | INFO     | main.main                           | Enviando picks a Telegram...
2026-06-03 16:35:59 | INFO     | main.main                           | Telegram: picks enviados correctamente.
2026-06-03 16:35:59 | INFO     | main.main                           | Pipeline completado.
